[www.zoomer.money/index.html]
[backblue.gif]
[fade.gif]
[index.html]
[use.typekit.net/ik/b5LLQjnFljoe57iSlaVNpE3YnP2CI-8OptFDOpXDwBXfelG2fFHN4UJLFRbh52jhWDjXjQIDwewkjR6XwQSkwRscZA4yZAscwgnaMKG0jAFu-WsoShFGZAsude80ZkoRdhXCHKoyjamTiY8Djhy8ZYmC-Ao1Oco8if37OcBD]
[assets.squarespace.com/@sqs/polyfiller/1.6/legacy.js]
[assets.squarespace.com/universal/scripts-compressed/extract-css-runtime-ba5052d235666aeef517c-min.en-US.js]
[assets.squarespace.com/universal/scripts-compressed/cldr-resource-pack-ebb5521f1537302c83345-min.en-US.js]
[assets.squarespace.com/@sqs/polyfiller/1.6/modern.js]
[assets.squarespace.com/universal/scripts-compressed/common-vendors-stable-ad6fc5b14d9d8d4da42d6-min.en-US.js]
[assets.squarespace.com/universal/scripts-compressed/extract-css-moment-js-vendor-5082e2dab696b020ac83a-min.en-US.js]
[static1.squarespace.com/static/versioned-site-css/64a130c2b8417224febaedf0/3/5c5a519771c10ba3470d8101/64a130c2b8417224febaee0c/1403/site.css]
[www.zoomer.money/cart.html]
[assets.squarespace.com/universal/scripts-compressed/performance-d4f04e51a4c3cfc4ecb97-min.en-US.js]
[www.zoomer.money/bridge.html]
[images.squarespace-cdn.com/content/v1/64a130c2b8417224febaedf0/c70d84ef-937c-4238-9887-b0d2e8799c2f/zoomer.png]
[images.squarespace-cdn.com/content/v1/64a130c2b8417224febaedf0/1ab36b78-d266-4908-92c8-1482a19c0fac/cover+(1).png]
[images.squarespace-cdn.com/content/v1/64a130c2b8417224febaedf0/e9e3e6cb-91c3-44e4-9dff-8f262e8e6f30/zoomer-musk-kanye+copy.jpg]
[assets.squarespace.com/universal/scripts-compressed/common-vendors-ff4830a557b5d9256c243-min.en-US.js]
[images.squarespace-cdn.com/content/v1/64a130c2b8417224febaedf0/49053ba0-ca67-4bab-96d6-e47e9fbec74b/ea8.jpg]
[images.squarespace-cdn.com/content/v1/64a130c2b8417224febaedf0/167f7626-8a94-402d-9cd8-8d7c99bbc4a9/zoomer.gif]
[images.squarespace-cdn.com/content/v1/64a130c2b8417224febaedf0/e2ab305f-95ed-4051-8a14-130b85afab6d/Untitled-3.png]
[images.squarespace-cdn.com/content/v1/64a130c2b8417224febaedf0/65341320-0fc9-472b-9693-c8731242fef3/2023-07-02+10.37.10.jpg]
[assets.squarespace.com/universal/scripts-compressed/common-2b71885706aed5e1e58bc-min.en-US.js]
[images.squarespace-cdn.com/content/v1/64a130c2b8417224febaedf0/fe1246df-1f30-4788-9500-4138ee01c227/Fz7zvU7XgAAVvXu.jpg]
[images.squarespace-cdn.com/content/v1/64a130c2b8417224febaedf0/c17a6585-025e-4acc-a4f8-79bd45f2b14c/signal-2023-07-02-110803_003.gif]
[www.zoomer.money/index.html]
[assets.squarespace.com/universal/images-v6/damask/error-dark.png]
[assets.squarespace.com/universal/images-v6/damask/error-dark@2x.png]
[static1.squarespace.com/static/vta/5c5a519771c10ba3470d8101/scripts/site-bundle.40fe51cbc0801a8cf773ed265550da30.js]
[assets.squarespace.com/universal/images-v6/damask/play-button.png]
[assets.squarespace.com/universal/images-v6/damask/play-button@2x.png]
[assets.squarespace.com/universal/images-v6/damask/edit-aviary-light.png]
[assets.squarespace.com/universal/images-v6/damask/edit-aviary-light@2x.png]
[assets.squarespace.com/universal/images-v6/damask/edit-info-light.png]
[assets.squarespace.com/universal/images-v6/damask/edit-info-light@2x.png]
[assets.squarespace.com/universal/images-v6/damask/trash-9-light.png]
[assets.squarespace.com/universal/images-v6/damask/trash-9-light@2x.png]
[assets.squarespace.com/universal/images-v6/damask/trash-9-red.png]
[assets.squarespace.com/universal/images-v6/damask/trash-9-red@2x.png]
[assets.squarespace.com/universal/images-v6/damask/getty-16-light.png]
[assets.squarespace.com/universal/images-v6/damask/getty-32-light.png]
[assets.squarespace.com/universal/images-v6/damask/shopping-cart-16-light.png]
[assets.squarespace.com/universal/images-v6/damask/shopping-cart-32-light.png]
[assets.squarespace.com/universal/images-v6/icons/block-indicator-dark.png]
[assets.squarespace.com/universal/images-v6/icons/block-indicator-dark@2x.png]
[assets.squarespace.com/universal/images-v6/icons/opentable-icons.png]
[assets.squarespace.com/universal/images-v6/icons/icon-searchqueries-20-dark.png]
[assets.squarespace.com/universal/images-v6/icons/icon-searchqueries-20-light.png]
[assets.squarespace.com/universal/images-v6/icons/icon-video-24-light-solid.png]
[assets.squarespace.com/universal/images-v6/standard/icon_close_7_light.png]
[assets.squarespace.com/universal/images-v6/icons/icon-settings-16-light.png]
[static1.squarespace.com/static/versioned-site-css/64a130c2b8417224febaedf0/3/5c5a519771c10ba3470d8101/64a130c2b8417224febaee0c/1403/site.css]
[assets.squarespace.com/universal/scripts-compressed/extract-css-runtime-4fd8b6b2b84abf2f7f7c0-min.en-US.js]
[www.zoomer.money/cart.html]
[www.zoomer.money/bridge.html]
[assets.squarespace.com/universal/scripts-compressed/common-vendors-ca998c7dbdb66b29ad427-min.en-US.js]
[assets.squarespace.com/universal/scripts-compressed/common-12be73c4f9eb403b16222-min.en-US.js]
[assets.squarespace.com/universal/scripts-compressed/commerce-checkout-91a8e7b200c0c9b100260-min.en-US.js]
