[backblue.gif]
[fade.gif]
[index.html]
[bencoineth.com/favicon.png]
[bencoineth.com/assets/img/Ben transparent .png]
[bencoineth.com/assets/img/Ben twitter.png]
[bencoineth.com/assets/img/Ben telegram.png]
[bencoineth.com/assets/img/Ben medium.png]
[bencoineth.com/assets/img/Ben dex.png]
[bencoineth.com/assets/img/Ben uni.png]
[bencoineth.com/assets/img/Ben cmc.png]
[bencoineth.com/assets/img/BenCg.png]
[bencoineth.com/assets/img/Ben new.webp]
[bencoineth.com/assets/img/Etherscan.png]
[bencoineth.com/assets/img/Uni2.png]
[bencoineth.com/assets/img/Dex2.png]
[bencoineth.com/assets/img/Cg2.png]
[bencoineth.com/assets/img/Cmc2.png]
[bencoineth.com/assets/img/B bnw.png]
[bencoineth.com/assets/bootstrap/js/bootstrap.min.js]
[bencoineth.com/assets/js/aos.min.js]
[bencoineth.com/assets/js/bs-init.js]
[bencoineth.com/index.html]
[bencoineth.com/assets/bootstrap/css/bootstrap.min.css]
[bencoineth.com/assets/css/aos.min.css]
[bencoineth.com/assets/css/animate.min.css]
[bencoineth.com/assets/css/Clean-Button-Scale-Hover-Effect.css]
[bencoineth.com/assets/css/untitled.css]
[bencoineth.com/_https_/cdn.bootstrapstudio.io/placeholders/1400x800.html]
