[www.seda.xyz/index.html]
[backblue.gif]
[fade.gif]
[index.html]
[images.ctfassets.net/qqk6u6a33mqj/6q14RMppafSed0HfbbDZRZ/6766fa4c9001d40fb245e703ae710f98/SEDA_SEO.png]
[www.seda.xyz/favicon.png]
[cdnjs.cloudflare.com/ajax/libs/gsap/3.6.1/gsap.min.js]
[cdnjs.cloudflare.com/ajax/libs/gsap/3.6.1/ScrollTrigger.min.js]
[plausible.io/js/script.js]
[www.seda.xyz/_next/static/chunks/polyfills-c67a75d1b6f99dc8.js]
[www.seda.xyz/_next/static/chunks/webpack-2f9fc3b38564194e.js]
[www.seda.xyz/_next/static/chunks/framework-2c79e2a64abdb08b.js]
[www.seda.xyz/_next/static/chunks/main-e27c278221c16b82.js]
[www.seda.xyz/_next/static/chunks/pages/_app-1452a169e6ff87f9.js]
[www.seda.xyz/_next/static/chunks/981-88823c261c564ecf.js]
[www.seda.xyz/_next/static/chunks/129-e0894347174eeec2.js]
[www.seda.xyz/_next/static/chunks/pages/index-728178efe5e7dc0a.js]
[www.seda.xyz/_next/static/Fta0WgkyF6ypvTYuPsIJg/_buildManifest.js]
[www.seda.xyz/_next/static/Fta0WgkyF6ypvTYuPsIJg/_ssgManifest.js]
[www.seda.xyz/images/footer/footer-image.png]
[www.seda.xyz/_next/banner-title-1d30c.png]
[www.seda.xyz/_next/banner-title-20659.png]
[www.seda.xyz/_next/banner-title-3bb12.png]
[www.seda.xyz/index.html]
[www.seda.xyz/fonts/formular-medium.eot]
[www.seda.xyz/fonts/formular-mediumd41d.eot]
[www.seda.xyz/fonts/formular-medium.woff2]
[www.seda.xyz/fonts/formular-medium.woff]
[www.seda.xyz/fonts/formular-regular.eot]
[www.seda.xyz/fonts/formular-regulard41d.eot]
[www.seda.xyz/fonts/formular-regular.woff2]
[www.seda.xyz/fonts/formular-regular.woff]
[www.seda.xyz/fonts/formular-light.eot]
[www.seda.xyz/fonts/formular-lightd41d.eot]
[www.seda.xyz/fonts/formular-light.woff2]
[www.seda.xyz/fonts/formular-light.woff]
[www.seda.xyz/fonts/styles.css]
[www.seda.xyz/_next/static/css/b8e302d41b271438.css]
