[info.dextools.io/index.html]
[backblue.gif]
[fade.gif]
[index.html]
[info.dextools.io/content/litespeed/css/ee005db841f0781df4214bb8fa808ababd70.css]
[info.dextools.io/content/themes/dext/favicon.png]
[ajax.googleapis.com/ajax/libs/jquery/1.12.4/jquery.min.js]
[maxcdn.bootstrapcdn.com/bootstrap/3.3.7/js/bootstrap.min.js]
[info.dextools.io/wp-includes/js/jquery/jquery.min.js]
[info.dextools.io/wp-includes/js/jquery/jquery-migrate.min.js]
[info.dextools.io/content/cache/autoptimize/js/autoptimize_single_75f8808dbb8323b160d674092b26eb90.js]
[info.dextools.io/content/cache/autoptimize/js/autoptimize_single_c50f9c68a491239f56aac9dcb5727ea8.js]
[info.dextools.io/wp-json/wp/v2/pages/85.json]
[info.dextools.io/wp-json/index.html]
[info.dextools.io/xmlrpc0db0.php]
[info.dextools.io/wp-includes/wlwmanifest.xml]
[info.dextools.io/wp-json/oembed/1.0/embedbc93.json]
[info.dextools.io/wp-json/oembed/1.0/embedd9b6]
[info.dextools.io/content/themes/dext/img/dextools.png]
[info.dextools.io/content/uploads/2023/03/dextools-app.png]
[info.dextools.io/content/uploads/2023/05/apps.png]
[info.dextools.io/academy/index.html]
[info.dextools.io/content/uploads/2023/05/Visitors_icon.png]
[info.dextools.io/content/uploads/2023/05/Blockchain_icon.png]
[info.dextools.io/content/uploads/2023/05/Pool_icon.png]
[info.dextools.io/content/uploads/2023/05/Tokens_icon.png]
[info.dextools.io/content/uploads/2023/04/Dext-Force-Ventures.png]
[info.dextools.io/content/uploads/2023/03/logo-bitbase.png]
[info.dextools.io/content/uploads/2023/04/outer-ring_w.png]
[info.dextools.io/content/uploads/2023/03/logo-coinbase.png]
[info.dextools.io/content/uploads/2023/04/Floki_f.png]
[info.dextools.io/content/uploads/2023/04/Lit-Lab_-f.png]
[info.dextools.io/content/uploads/2023/04/KCC.png]
[info.dextools.io/content/uploads/2023/04/MultiversX.png]
[info.dextools.io/content/uploads/2023/04/kyber.png]
[info.dextools.io/content/uploads/2023/04/Velas.png]
[info.dextools.io/content/uploads/2023/04/coinzilla_.png]
[info.dextools.io/content/uploads/2023/04/1-Inch.png]
[info.dextools.io/content/uploads/2023/04/CTDSEC_.png]
[info.dextools.io/content/uploads/2023/04/UNCX_.png]
[info.dextools.io/content/uploads/2023/04/javi_b.jpg]
[info.dextools.io/content/uploads/2023/04/eric-b_.jpg]
[info.dextools.io/content/uploads/2023/05/pabloBN_.jpg]
[info.dextools.io/content/uploads/2023/05/Team_.jpg]
[info.dextools.io/content/uploads/2023/03/press-1.png]
[info.dextools.io/content/uploads/2023/04/AIBC_.png]
[info.dextools.io/content/uploads/2023/03/Yahoo_.png]
[info.dextools.io/content/uploads/2023/04/cointelegraph_b.png]
[info.dextools.io/content/uploads/2023/04/vozastu_p.png]
[info.dextools.io/content/uploads/2023/04/Blockchain-Aragon_2.png]
[info.dextools.io/content/uploads/2023/04/Theobjetive_.png]
[info.dextools.io/content/uploads/2023/04/qwoted_.png]
[info.dextools.io/content/uploads/2023/04/RTPA_.png]
[info.dextools.io/content/uploads/2023/04/crossingYB_.png]
[info.dextools.io/content/uploads/2023/03/dextools-academy.png]
[info.dextools.io/content/uploads/2023/07/dext-utility-token_.jpg]
[info.dextools.io/content/uploads/2023/06/BNB-testnet_-1.jpg]
[info.dextools.io/content/uploads/2023/06/DEXTools-Price-Bot-.jpg]
[info.dextools.io/content/uploads/2023/06/AI-Crypto-2.jpg]
[info.dextools.io/content/uploads/2023/06/KYC-twitter-1.jpg]
[info.dextools.io/crypto-glossary/51-attack/index.html]
[info.dextools.io/crypto-glossary/index.html]
[info.dextools.io/crypto-glossary/airdrop/index.html]
[info.dextools.io/content/uploads/2023/06/UNI_V4_-1.jpg]
[info.dextools.io/crypto-glossary/ama/index.html]
[info.dextools.io/crypto-glossary/what-is-aml/index.html]
[info.dextools.io/crypto-glossary/altcoin/index.html]
[info.dextools.io/content/themes/dext/img/dextools-instagram.png]
[info.dextools.io/content/plugins/instagram-feed/img/placeholder.png]
[info.dextools.io/cdn-cgi/l/email-protection.html]
[info.dextools.io/crypto-glossary/514/index.html]
[info.dextools.io/crypto-glossary/asic/index.html]
[info.dextools.io/crypto-glossary/ath/index.html]
[info.dextools.io/content/themes/dext/img/mini-dextools.png]
[info.dextools.io/crypto-glossary/atl/index.html]
[info.dextools.io/content/uploads/2023/06/brandkit_icon_white.png]
[info.dextools.io/crypto-glossary/automated-market-maker-amm/index.html]
[info.dextools.io/cdn-cgi/scripts/5c5dd728/cloudflare-static/email-decode.min.js]
[info.dextools.io/crypto-glossary/axie-infinity/index.html]
[info.dextools.io/crypto-glossary/base-asset-quote-asset-cryptocurrency-pair/index.html]
[info.dextools.io/crypto-glossary/bear-market/index.html]
[info.dextools.io/content/themes/dext/components/bootstrap/bootstrap.bundle.min.js]
[info.dextools.io/crypto-glossary/bep-2/index.html]
[info.dextools.io/crypto-glossary/bep-20/index.html]
[info.dextools.io/crypto-glossary/bep-95/index.html]
[info.dextools.io/content/themes/dext/components/masonry/masonry.pkgd.min.js]
[info.dextools.io/crypto-glossary/binance/index.html]
[info.dextools.io/content/themes/dext/components/jquery/jquery.min.js]
[info.dextools.io/crypto-glossary/bitcoin/index.html]
[info.dextools.io/content/themes/dext/components/owlcarousel/owl.carousel.min.js]
[info.dextools.io/crypto-glossary/bitcoin-atm/index.html]
[info.dextools.io/crypto-glossary/bitcoin-dominance/index.html]
[info.dextools.io/content/cache/autoptimize/js/autoptimize_single_ab428a9cde3680520578b6c668177bfe.js]
[info.dextools.io/dextools-1000-dext-holder-tier-telegram-group/index.html]
[info.dextools.io/content/cache/autoptimize/js/autoptimize_single_0bf4a356f161539b52d09551831ea708.js]
[info.dextools.io/bnb-launches-opbnb-testnet-scalability-binance-ethereum-evm-layer2/index.html]
[info.dextools.io/new-dextools-price-bot-step-by-step-guide-token-pair-trading/index.html]
[info.dextools.io/european-parliament-takes-action-regulate-ai-crypto-elon-musk-steve-wozniak/index.html]
[info.dextools.io/content/cache/autoptimize/js/autoptimize_single_cf68b3dcb7448d21d25872766f271f85.js]
[info.dextools.io/sec-lawsuit-binance-coinbase-kyc-brian-armstrong-gary-gensler/index.html]
[info.dextools.io/uniswap-labs-uniswap-v4-defi-amm-hook-dao/index.html]
[info.dextools.io/content/plugins/sassy-social-share/images/close.png]
[info.dextools.io/faq/does-dextools-have-a-mobile-app/index.html]
[info.dextools.io/content/plugins/sassy-social-share/images/logo.png]
[info.dextools.io/faq/is-dextools-an-exchange/index.html]
[info.dextools.io/faq/how-can-i-trade-through-dextools/index.html]
[info.dextools.io/faq/what-is-dextools-academy/index.html]
[info.dextools.io/faq/can-i-get-price-notifications/index.html]
[info.dextools.io/content/cache/autoptimize/js/autoptimize_single_f2b3a75204ea03d7a0f9524ea8188cf0.js]
[info.dextools.io/content/plugins/wp-smushit/app/assets/js/smush-lazy-load-native.min.js]
[info.dextools.io/faq/is-dextools-free/index.html]
[info.dextools.io/faq/how-to-vote-tokens-up-and-down-community-trust-score/index.html]
[info.dextools.io/faq/how-to-update-token-logo-and-socials/index.html]
[info.dextools.io/faq/index.html]
[info.dextools.io/content/cache/autoptimize/js/autoptimize_single_91fffcdb657f6f62311c5d58d9847b1b.js]
[info.dextools.io/content/cache/autoptimize/js/autoptimize_single_9f00e7a01a899de3bf4078f642fd07ad.js]
[info.dextools.io/legal-notice/index.html]
[info.dextools.io/content/plugins/instagram-feed/js/sbi-scripts.min.js]
[cdnjs.cloudflare.com/ajax/libs/waypoints/4.0.1/jquery.waypoints.min.js]
[unpkg.com/jquery.counterup@2.1.0/jquery.counterup.js]
[info.dextools.io/cdn-cgi/challenge-platform/scripts/invisible.js]
[info.dextools.io/index.html]
[info.dextools.io/cdn-cgi/challenge-platform/h/g/scripts/jsd/19b997cb/invisible.js]
[info.dextools.io/content/themes/dext/icons/webfonts/fa-brands-400.woff2]
[info.dextools.io/content/litespeed/css/ee005db841f0781df4214bb8fa808ababd70.css]
[info.dextools.io/wp-json/wp/v2/pages/944.json]
[info.dextools.io/wp-json/oembed/1.0/embedf70c.json]
[info.dextools.io/wp-json/oembed/1.0/embed1354]
[info.dextools.io/content/uploads/2023/06/SEC_LS_-2.jpg]
[info.dextools.io/content/uploads/2023/06/AIRDROP-1.jpg]
[info.dextools.io/content/uploads/2023/06/stablecoins-.jpg]
[info.dextools.io/know-more-about-sec-crypto-regulation-binance-coinbase/index.html]
[info.dextools.io/content/uploads/2023/05/BRC-20-Ordinals-1-2.jpg]
[info.dextools.io/risks-and-benefits-of-crypto-airdrops/index.html]
[info.dextools.io/all-about-stablecoins-and-fdusd-the-new-stable-launched-on-ethereum-bnb-chain/index.html]
[info.dextools.io/an-in-depth-look-at-bitcoins-brc-20-and-ordinals/index.html]
[info.dextools.io/content/uploads/2023/05/MEME_SEAS_-1.jpg]
[info.dextools.io/content/uploads/2023/05/PulseChain_h.jpg]
[info.dextools.io/content/uploads/2023/05/Scams_-2.jpg]
[info.dextools.io/meme-season-the-hype-behind-pepe-token/index.html]
[info.dextools.io/dextools-integrates-pulsechain-network/index.html]
[info.dextools.io/14-types-of-scams-and-how-to-avoid-them/index.html]
[info.dextools.io/content/uploads/2023/04/BANNER-TOP-10_top-1-1.jpg]
[info.dextools.io/content/uploads/2023/03/DeFi_-3.jpg]
[info.dextools.io/content/uploads/2023/03/Bear-market_-1.jpg]
[info.dextools.io/dextools-top-10-chains-by-number-of-visits/index.html]
[info.dextools.io/content/uploads/2023/03/Dextools_chip-1.jpg]
[info.dextools.io/what-is-happening-in-crypto-bitcoin-ethereum-bear-market/index.html]
[info.dextools.io/what-is-defi-dex-decentralized-finance-p2p/index.html]
[info.dextools.io/what-is-dextools/index.html]
[info.dextools.io/content/uploads/2023/03/Floki_partner.jpg]
[info.dextools.io/content/uploads/2023/03/Dext_burn_.jpg]
[info.dextools.io/content/uploads/2023/03/DEXTools_recap_-1.jpg]
[info.dextools.io/academy/index.html]
[info.dextools.io/floki-partners-with-dextools-to-target-140-million-crypto-users/index.html]
[info.dextools.io/dextools-2022-recap/index.html]
[info.dextools.io/the-biggest-dext-token-burn-in-the-history-of-dextools-by-now/index.html]
[info.dextools.io/wp-json/wp/v2/pages/932.json]
[info.dextools.io/wp-json/oembed/1.0/embed4f6c.json]
[info.dextools.io/wp-json/oembed/1.0/embed5736]
[info.dextools.io/crypto-glossary/index.html]
[info.dextools.io/wp-json/oembed/1.0/embedac30.json]
[info.dextools.io/crypto-glossary/bitcoiner/index.html]
[info.dextools.io/crypto-glossary/blockchain/index.html]
[info.dextools.io/crypto-glossary/block/index.html]
[info.dextools.io/wp-json/oembed/1.0/embed93f8]
[info.dextools.io/crypto-glossary/51-attack/index.html]
[info.dextools.io/crypto-glossary/bnb-chain/index.html]
[info.dextools.io/crypto-glossary/bridge/index.html]
[info.dextools.io/crypto-glossary/bull-market/index.html]
[info.dextools.io/crypto-glossary/cex/index.html]
[info.dextools.io/wp-json/oembed/1.0/embedee5c.json]
[info.dextools.io/crypto-glossary/circulating-supply/index.html]
[info.dextools.io/crypto-glossary/coin/index.html]
[info.dextools.io/crypto-glossary/1049/index.html]
[info.dextools.io/wp-json/oembed/1.0/embed9c77]
[info.dextools.io/crypto-glossary/airdrop/index.html]
[info.dextools.io/crypto-glossary/coingecko/index.html]
[info.dextools.io/crypto-glossary/cold-storage/index.html]
[info.dextools.io/crypto-glossary/coinmarketcap/index.html]
[info.dextools.io/crypto-glossary/cold-wallet/index.html]
[info.dextools.io/crypto-glossary/crowdfunding/index.html]
[info.dextools.io/wp-json/oembed/1.0/embed7405.json]
[info.dextools.io/crypto-glossary/pair/index.html]
[info.dextools.io/crypto-glossary/cryptocurrency/index.html]
[info.dextools.io/crypto-glossary/cryptography/index.html]
[info.dextools.io/crypto-glossary/cryptopunk/index.html]
[info.dextools.io/wp-json/oembed/1.0/embede931]
[info.dextools.io/crypto-glossary/altcoin/index.html]
[info.dextools.io/crypto-glossary/custody/index.html]
[info.dextools.io/crypto-glossary/dark-web/index.html]
[info.dextools.io/crypto-glossary/decentralization-ideology/index.html]
[info.dextools.io/crypto-glossary/dca/index.html]
[info.dextools.io/crypto-glossary/decentralized-currency/index.html]
[info.dextools.io/wp-json/oembed/1.0/embed1832.json]
[info.dextools.io/crypto-glossary/decentralized-storage/index.html]
[info.dextools.io/crypto-glossary/deep-web/index.html]
[info.dextools.io/crypto-glossary/defi/index.html]
[info.dextools.io/wp-json/oembed/1.0/embed4424]
[info.dextools.io/crypto-glossary/ama/index.html]
[info.dextools.io/crypto-glossary/dex/index.html]
[info.dextools.io/crypto-glossary/dextscore/index.html]
[info.dextools.io/crypto-glossary/diamond-hands/index.html]
[info.dextools.io/crypto-glossary/dextools/index.html]
[info.dextools.io/crypto-glossary/discord/index.html]
[info.dextools.io/crypto-glossary/dyor/index.html]
[info.dextools.io/wp-json/oembed/1.0/embed535b.json]
[info.dextools.io/crypto-glossary/ether-eth/index.html]
[info.dextools.io/crypto-glossary/ethereum/index.html]
[info.dextools.io/crypto-glossary/exchange/index.html]
[info.dextools.io/wp-json/oembed/1.0/embed0d56]
[info.dextools.io/crypto-glossary/what-is-aml/index.html]
[info.dextools.io/crypto-glossary/fed/index.html]
[info.dextools.io/crypto-glossary/fiat/index.html]
[info.dextools.io/crypto-glossary/fungible-token/index.html]
[info.dextools.io/crypto-glossary/fomo-2/index.html]
[info.dextools.io/crypto-glossary/gem/index.html]
[info.dextools.io/wp-json/oembed/1.0/embed2374.json]
[info.dextools.io/crypto-glossary/hacking/index.html]
[info.dextools.io/crypto-glossary/honeypot-scam-crypto-trap-smart-contract/index.html]
[info.dextools.io/crypto-glossary/ico/index.html]
[info.dextools.io/wp-json/oembed/1.0/embed366f]
[info.dextools.io/crypto-glossary/514/index.html]
[info.dextools.io/crypto-glossary/inflation/index.html]
[info.dextools.io/crypto-glossary/institutional-investors/index.html]
[info.dextools.io/crypto-glossary/inmutable-data/index.html]
[info.dextools.io/crypto-glossary/iykyk/index.html]
[info.dextools.io/crypto-glossary/jager/index.html]
[info.dextools.io/wp-json/oembed/1.0/embed3280.json]
[info.dextools.io/crypto-glossary/kraken/index.html]
[info.dextools.io/crypto-glossary/kucoin/index.html]
[info.dextools.io/crypto-glossary/kyc/index.html]
[info.dextools.io/wp-json/oembed/1.0/embed22cf]
[info.dextools.io/crypto-glossary/asic/index.html]
[info.dextools.io/crypto-glossary/liquidity/index.html]
[info.dextools.io/crypto-glossary/meme-economy/index.html]
[info.dextools.io/crypto-glossary/listing/index.html]
[info.dextools.io/crypto-glossary/miners/index.html]
[info.dextools.io/crypto-glossary/memecoin/index.html]
[info.dextools.io/wp-json/oembed/1.0/embed02b6.json]
[info.dextools.io/crypto-glossary/mining-difficulty/index.html]
[info.dextools.io/crypto-glossary/mining-farm/index.html]
[info.dextools.io/crypto-glossary/nft/index.html]
[info.dextools.io/wp-json/oembed/1.0/embed9873]
[info.dextools.io/crypto-glossary/ath/index.html]
[info.dextools.io/crypto-glossary/opensea/index.html]
[info.dextools.io/crypto-glossary/paper-wallet-2/index.html]
[info.dextools.io/crypto-glossary/p2p-dex/index.html]
[info.dextools.io/crypto-glossary/paper-hands/index.html]
[info.dextools.io/crypto-glossary/play2earn-playtoearn/index.html]
[info.dextools.io/wp-json/oembed/1.0/embedb0e9.json]
[info.dextools.io/crypto-glossary/portfolio/index.html]
[info.dextools.io/crypto-glossary/public-address/index.html]
[info.dextools.io/crypto-glossary/private-key/index.html]
[info.dextools.io/crypto-glossary/public-blockchain/index.html]
[info.dextools.io/wp-json/oembed/1.0/embedae96]
[info.dextools.io/crypto-glossary/atl/index.html]
[info.dextools.io/crypto-glossary/public-key/index.html]
[info.dextools.io/crypto-glossary/recovery-phrase/index.html]
[info.dextools.io/crypto-glossary/roadmap/index.html]
[info.dextools.io/crypto-glossary/satoshi-nakamoto/index.html]
[info.dextools.io/wp-json/oembed/1.0/embedea59.json]
[info.dextools.io/crypto-glossary/scalability/index.html]
[info.dextools.io/crypto-glossary/scammer/index.html]
[info.dextools.io/crypto-glossary/scam/index.html]
[info.dextools.io/wp-json/oembed/1.0/embedb2ec]
[info.dextools.io/crypto-glossary/automated-market-maker-amm/index.html]
[info.dextools.io/crypto-glossary/what-is-sec-crypto-regulation/index.html]
[info.dextools.io/crypto-glossary/seed-phrase/index.html]
[info.dextools.io/crypto-glossary/proof-of-work-pow/index.html]
[info.dextools.io/crypto-glossary/software-wallet/index.html]
[info.dextools.io/wp-json/oembed/1.0/embed8b53.json]
[info.dextools.io/crypto-glossary/spyware/index.html]
[info.dextools.io/crypto-glossary/supply-and-demand/index.html]
[info.dextools.io/crypto-glossary/stablecoin/index.html]
[info.dextools.io/crypto-glossary/supply-chain/index.html]
[info.dextools.io/wp-json/oembed/1.0/embedc8a9]
[info.dextools.io/crypto-glossary/axie-infinity/index.html]
[info.dextools.io/crypto-glossary/swap/index.html]
[info.dextools.io/crypto-glossary/tether/index.html]
[info.dextools.io/crypto-glossary/testnet/index.html]
[info.dextools.io/crypto-glossary/token/index.html]
[info.dextools.io/wp-json/oembed/1.0/embed47ce.json]
[info.dextools.io/crypto-glossary/token-standard/index.html]
[info.dextools.io/crypto-glossary/token-economy-crypto-trading/index.html]
[info.dextools.io/crypto-glossary/total-market-cap/index.html]
[info.dextools.io/wp-json/oembed/1.0/embede787]
[info.dextools.io/crypto-glossary/base-asset-quote-asset-cryptocurrency-pair/index.html]
[info.dextools.io/crypto-glossary/trading-tournament/index.html]
[info.dextools.io/crypto-glossary/transaction-tx/index.html]
[info.dextools.io/crypto-glossary/transaction-fee/index.html]
[info.dextools.io/crypto-glossary/trust-wallet/index.html]
[info.dextools.io/crypto-glossary/utc-time/index.html]
[info.dextools.io/wp-json/oembed/1.0/embed2386.json]
[info.dextools.io/crypto-glossary/validator-2/index.html]
[info.dextools.io/crypto-glossary/volatility/index.html]
[info.dextools.io/crypto-glossary/vitalik-buterin/index.html]
[info.dextools.io/crypto-glossary/wallet/index.html]
[info.dextools.io/wp-json/oembed/1.0/embed1fae]
[info.dextools.io/crypto-glossary/bear-market/index.html]
[info.dextools.io/crypto-glossary/validator/index.html]
[info.dextools.io/crypto-glossary/when-lambo-2/index.html]
[info.dextools.io/crypto-glossary/when-moon/index.html]
[info.dextools.io/crypto-glossary/whitepaper/index.html]
[info.dextools.io/crypto-glossary/blockchain-3-0/index.html]
[info.dextools.io/crypto-glossary/block-explorer/index.html]
[info.dextools.io/wp-json/oembed/1.0/embed1aa6.json]
[info.dextools.io/crypto-glossary/bnb/index.html]
[info.dextools.io/crypto-glossary/brave-browser/index.html]
[info.dextools.io/crypto-glossary/buy-the-dip/index.html]
[info.dextools.io/crypto-glossary/candlestick/index.html]
[info.dextools.io/wp-json/oembed/1.0/embede062]
[info.dextools.io/crypto-glossary/bep-2/index.html]
[info.dextools.io/crypto-glossary/cbdcs/index.html]
[info.dextools.io/crypto-glossary/cliff/index.html]
[info.dextools.io/crypto-glossary/crowdloan/index.html]
[info.dextools.io/crypto-glossary/consensus-mechanism/index.html]
[info.dextools.io/wp-json/oembed/1.0/embed7b90.json]
[info.dextools.io/crypto-glossary/crypto-burning/index.html]
[info.dextools.io/crypto-glossary/cryto-loan/index.html]
[info.dextools.io/crypto-glossary/dao/index.html]
[info.dextools.io/wp-json/oembed/1.0/embed1f7d]
[info.dextools.io/crypto-glossary/bep-20/index.html]
[info.dextools.io/crypto-glossary/dapp/index.html]
[info.dextools.io/crypto-glossary/dominance/index.html]
[info.dextools.io/crypto-glossary/day-trading/index.html]
[info.dextools.io/crypto-glossary/double-spending/index.html]
[info.dextools.io/crypto-glossary/dumping/index.html]
[info.dextools.io/wp-json/oembed/1.0/embed1289.json]
[info.dextools.io/crypto-glossary/erc-20/index.html]
[info.dextools.io/crypto-glossary/ethereum-virtual-machine/index.html]
[info.dextools.io/crypto-glossary/equity/index.html]
[info.dextools.io/wp-json/oembed/1.0/embedc54b]
[info.dextools.io/crypto-glossary/bep-95/index.html]
[info.dextools.io/crypto-glossary/fan-token/index.html]
[info.dextools.io/crypto-glossary/full-node/index.html]
[info.dextools.io/crypto-glossary/fork/index.html]
[info.dextools.io/crypto-glossary/fomo/index.html]
[info.dextools.io/crypto-glossary/gamefi/index.html]
[info.dextools.io/wp-json/oembed/1.0/embedf87f.json]
[info.dextools.io/crypto-glossary/gas-fee/index.html]
[info.dextools.io/crypto-glossary/gas/index.html]
[info.dextools.io/crypto-glossary/gas-limit/index.html]
[info.dextools.io/crypto-glossary/gas-station-network-gsn/index.html]
[info.dextools.io/wp-json/oembed/1.0/embed7fed]
[info.dextools.io/crypto-glossary/binance/index.html]
[info.dextools.io/crypto-glossary/governance/index.html]
[info.dextools.io/crypto-glossary/genesis-block/index.html]
[info.dextools.io/crypto-glossary/gwei/index.html]
[info.dextools.io/crypto-glossary/150/index.html]
[info.dextools.io/wp-json/oembed/1.0/embed819a.json]
[info.dextools.io/crypto-glossary/hard-cap/index.html]
[info.dextools.io/crypto-glossary/hardware-wallet/index.html]
[info.dextools.io/crypto-glossary/hash/index.html]
[info.dextools.io/wp-json/oembed/1.0/embed4724]
[info.dextools.io/crypto-glossary/bitcoin/index.html]
[info.dextools.io/crypto-glossary/hash-function/index.html]
[info.dextools.io/crypto-glossary/hash-rate/index.html]
[info.dextools.io/crypto-glossary/hot-storage/index.html]
[info.dextools.io/crypto-glossary/hodl/index.html]
[info.dextools.io/wp-json/oembed/1.0/embed345f.json]
[info.dextools.io/crypto-glossary/hyperinflation/index.html]
[info.dextools.io/crypto-glossary/ido/index.html]
[info.dextools.io/crypto-glossary/initial-exchange-offering-ieo/index.html]
[info.dextools.io/wp-json/oembed/1.0/embed2c1e]
[info.dextools.io/crypto-glossary/bitcoin-atm/index.html]
[info.dextools.io/crypto-glossary/initial-game-offering-igo/index.html]
[info.dextools.io/crypto-glossary/initial-public-offering/index.html]
[info.dextools.io/crypto-glossary/initial-token-offering-ito/index.html]
[info.dextools.io/crypto-glossary/interplanetary-file-system-ipfs/index.html]
[info.dextools.io/crypto-glossary/joy/index.html]
[info.dextools.io/wp-json/oembed/1.0/embede78c.json]
[info.dextools.io/crypto-glossary/large-cap/index.html]
[info.dextools.io/crypto-glossary/lightning-network/index.html]
[info.dextools.io/crypto-glossary/ledger/index.html]
[info.dextools.io/wp-json/oembed/1.0/embedc336]
[info.dextools.io/crypto-glossary/bitcoin-dominance/index.html]
[info.dextools.io/crypto-glossary/limit-buy/index.html]
[info.dextools.io/crypto-glossary/limit-sale/index.html]
[info.dextools.io/crypto-glossary/limit-order/index.html]
[info.dextools.io/crypto-glossary/liquid-market/index.html]
[info.dextools.io/crypto-glossary/liquidity-pool/index.html]
[info.dextools.io/wp-json/wp/v2/posts/2753.json]
[info.dextools.io/crypto-glossary/liquidity-provider-2/index.html]
[info.dextools.io/crypto-glossary/lower-low/index.html]
[info.dextools.io/crypto-glossary/long-position/index.html]
[info.dextools.io/wp-json/oembed/1.0/embedb9d4.json]
[info.dextools.io/crypto-glossary/mainnet/index.html]
[info.dextools.io/crypto-glossary/maker-protocol/index.html]
[info.dextools.io/crypto-glossary/market-cap/index.html]
[info.dextools.io/wp-json/oembed/1.0/embedc3bb]
[info.dextools.io/crypto-glossary/market-order/index.html]
[info.dextools.io/content/uploads/2023/07/check-1-300x300.png]
[info.dextools.io/crypto-glossary/market-sell/index.html]
[info.dextools.io/crypto-glossary/max-supply/index.html]
[info.dextools.io/content/uploads/2023/07/iconinfo-1.png]
[info.dextools.io/crypto-glossary/merkel-tree/index.html]
[info.dextools.io/crypto-glossary/metamask/index.html]
[info.dextools.io/crypto-glossary/mining-pool/index.html]
[info.dextools.io/crypto-glossary/mt-gox/index.html]
[info.dextools.io/crypto-glossary/options-market/index.html]
[info.dextools.io/crypto-glossary/order-book/index.html]
[info.dextools.io/crypto-glossary/overbought/index.html]
[info.dextools.io/crypto-glossary/oversold/index.html]
[bc.army/wp-content/uploads/2023/04/image5-1.png]
[info.dextools.io/crypto-glossary/phishing/index.html]
[info.dextools.io/crypto-glossary/pre-ido/index.html]
[info.dextools.io/crypto-glossary/pegged-currency/index.html]
[bc.army/wp-content/uploads/2023/04/image6-1024x371.png]
[info.dextools.io/crypto-glossary/prediction-market/index.html]
[info.dextools.io/crypto-glossary/presale/index.html]
[info.dextools.io/crypto-glossary/profit-and-loss/index.html]
[info.dextools.io/crypto-glossary/private-sale/index.html]
[bc.army/wp-content/uploads/2023/04/image1-3-1024x241.png]
[info.dextools.io/crypto-glossary/proof-of-authority-poa/index.html]
[info.dextools.io/crypto-glossary/proof-of-reserves/index.html]
[info.dextools.io/crypto-glossary/proof-of-stake/index.html]
[info.dextools.io/crypto-glossary/proof-of-validation-pov/index.html]
[bc.army/wp-content/uploads/2023/04/image2-3-1024x275.png]
[info.dextools.io/crypto-glossary/proof-of-work-pow-2/index.html]
[info.dextools.io/crypto-glossary/pump-and-dump/index.html]
[info.dextools.io/crypto-glossary/public-sale/index.html]
[info.dextools.io/crypto-glossary/quantum-computing/index.html]
[bc.army/wp-content/uploads/2023/04/image3-2.png]
[info.dextools.io/crypto-glossary/rekt/index.html]
[info.dextools.io/crypto-glossary/rug-pull/index.html]
[info.dextools.io/crypto-glossary/satoshi-sat/index.html]
[info.dextools.io/crypto-glossary/security-token/index.html]
[bc.army/wp-content/uploads/2023/04/image4-1.png]
[info.dextools.io/crypto-glossary/sharding/index.html]
[info.dextools.io/crypto-glossary/side-channel/index.html]
[info.dextools.io/crypto-glossary/slippage-2/index.html]
[info.dextools.io/content/uploads/2023/07/100-dext-tier-proff-300x200.png]
[assets.pinterest.com/js/pinmarklet2a3b.js]
[info.dextools.io/dextools-1000-dext-holder-tier-telegram-group/index.html]
[info.dextools.io/crypto-glossary/solana/index.html]
[info.dextools.io/crypto-glossary/smart-contract/index.html]
[info.dextools.io/crypto-glossary/smart-contract-audit/index.html]
[info.dextools.io/crypto-glossary/staking-2/index.html]
[info.dextools.io/crypto-glossary/taproot/index.html]
[info.dextools.io/crypto-glossary/token-minting/index.html]
[info.dextools.io/crypto-glossary/technical-analysis/index.html]
[info.dextools.io/wp-json/wp/v2/posts/2697.json]
[info.dextools.io/crypto-glossary/tokenization/index.html]
[info.dextools.io/crypto-glossary/tokenomics/index.html]
[info.dextools.io/crypto-glossary/total-exchange-volume/index.html]
[info.dextools.io/wp-json/oembed/1.0/embed9665.json]
[info.dextools.io/crypto-glossary/total-suply/index.html]
[info.dextools.io/crypto-glossary/trading-bot/index.html]
[info.dextools.io/crypto-glossary/trading-view/index.html]
[info.dextools.io/wp-json/oembed/1.0/embede0d9]
[info.dextools.io/crypto-glossary/trading-volume/index.html]
[info.dextools.io/crypto-glossary/trojan/index.html]
[info.dextools.io/crypto-glossary/utility-token/index.html]
[platform.twitter.com/widgets.js]
[info.dextools.io/crypto-glossary/tradingview/index.html]
[info.dextools.io/content/uploads/2023/06/AI-Crypto-2-300x200.jpg]
[info.dextools.io/content/uploads/2023/03/DEXTools_recap_-1-300x200.jpg]
[info.dextools.io/crypto-glossary/vesting/index.html]
[info.dextools.io/content/uploads/2023/05/PulseChain_h-300x200.jpg]
[info.dextools.io/bnb-launches-opbnb-testnet-scalability-binance-ethereum-evm-layer2/index.html]
[info.dextools.io/crypto-glossary/whale/index.html]
[info.dextools.io/crypto-glossary/weak-hands/index.html]
[info.dextools.io/crypto-glossary/whitelist/index.html]
[info.dextools.io/crypto-glossary/yield-farming/index.html]
[info.dextools.io/crypto-glossary/brc-20/index.html]
[info.dextools.io/wp-json/wp/v2/posts/2511.json]
[info.dextools.io/crypto-glossary/erc-721/index.html]
[info.dextools.io/crypto-glossary/erc-115/index.html]
[info.dextools.io/crypto-glossary/erc-827/index.html]
[info.dextools.io/wp-json/oembed/1.0/embedee15.json]
[info.dextools.io/crypto-glossary/ethereum-improvement-proposals-eips/index.html]
[info.dextools.io/crypto-glossary/erc-948/index.html]
[info.dextools.io/crypto-glossary/hidden-cap/index.html]
[info.dextools.io/wp-json/oembed/1.0/embed3276]
[info.dextools.io/crypto-glossary/higher-low/index.html]
[info.dextools.io/crypto-glossary/margin-call/index.html]
[info.dextools.io/content/uploads/2023/06/pb1-1-300x246.jpg]
[info.dextools.io/crypto-glossary/ordinals/index.html]
[info.dextools.io/crypto-glossary/mempool/index.html]
[info.dextools.io/content/uploads/2023/06/iconinfo.png]
[info.dextools.io/crypto-glossary/201/index.html]
[info.dextools.io/crypto-glossary/solidity/index.html]
[info.dextools.io/content/uploads/2023/06/pb2-300x206.jpg]
[info.dextools.io/crypto-glossary/x11-algorithm/index.html]
[info.dextools.io/crypto-glossary/when-lambo/index.html]
[info.dextools.io/content/uploads/2023/06/check-blue.png]
[info.dextools.io/content/uploads/2023/06/pb3-300x297.jpg]
[info.dextools.io/crypto-glossary-category/advanced/index.html]
[info.dextools.io/content/uploads/2023/06/pb4-300x154.jpg]
[info.dextools.io/content/uploads/2023/06/pb5-300x129.jpg]
[info.dextools.io/crypto-glossary-category/basic/index.html]
[info.dextools.io/crypto-glossary-category/blockchain-concepts/index.html]
[info.dextools.io/crypto-glossary-category/cybersecurity/index.html]
[info.dextools.io/content/uploads/2023/06/pb6-300x287.jpg]
[info.dextools.io/content/uploads/2023/06/pb7-284x300.jpg]
[info.dextools.io/crypto-glossary-category/crypto-investing/index.html]
[info.dextools.io/content/uploads/2023/06/npb_proff-1-300x185.png]
[info.dextools.io/crypto-glossary-category/crypto-slang/index.html]
[info.dextools.io/content/uploads/2023/05/Scams_-2-300x200.jpg]
[info.dextools.io/crypto-glossary-category/cryptocurrencies/index.html]
[info.dextools.io/content/uploads/2023/03/Bear-market_-1-300x200.jpg]
[info.dextools.io/new-dextools-price-bot-step-by-step-guide-token-pair-trading/index.html]
[info.dextools.io/crypto-glossary-category/crypto-trading/index.html]
[info.dextools.io/wp-json/wp/v2/posts/2448.json]
[info.dextools.io/crypto-glossary-category/exchanges/index.html]
[info.dextools.io/crypto-glossary-category/decentralized-finance-defi/index.html]
[info.dextools.io/wp-json/oembed/1.0/embedc83f.json]
[info.dextools.io/crypto-glossary-category/expert/index.html]
[info.dextools.io/crypto-glossary-category/cryptography/index.html]
[info.dextools.io/crypto-glossary-category/mining/index.html]
[info.dextools.io/wp-json/oembed/1.0/embed9bca]
[info.dextools.io/content/uploads/2023/06/AI-300x300.jpg]
[info.dextools.io/content/uploads/2023/06/BNB-testnet_-1-300x200.jpg]
[info.dextools.io/european-parliament-takes-action-regulate-ai-crypto-elon-musk-steve-wozniak/index.html]
[info.dextools.io/crypto-glossary-category/non-fungible-tokens-nfts/index.html]
[info.dextools.io/crypto-glossary-category/blockchain-projects/index.html]
[info.dextools.io/wp-json/wp/v2/posts/2280.json]
[info.dextools.io/wp-json/oembed/1.0/embedf4a8.json]
[info.dextools.io/crypto-glossary-category/centralized-finance-cefi/index.html]
[info.dextools.io/wp-json/oembed/1.0/embed2271]
[info.dextools.io/content/uploads/2023/06/Change-Market-Depth-300x160.jpg]
[info.dextools.io/dextools-1000-dext-holder-tier-telegram-group/feed/index.html]
[info.dextools.io/content/uploads/2023/06/KYC_-1-300x300.jpg]
[info.dextools.io/bnb-launches-opbnb-testnet-scalability-binance-ethereum-evm-layer2/feed/index.html]
[info.dextools.io/cat/general/index.html]
[info.dextools.io/content/uploads/2023/06/lupa1-300x300.png]
[info.dextools.io/sec-lawsuit-binance-coinbase-kyc-brian-armstrong-gary-gensler/index.html]
[info.dextools.io/cat/news/index.html]
[info.dextools.io/new-dextools-price-bot-step-by-step-guide-token-pair-trading/feed/index.html]
[info.dextools.io/european-parliament-takes-action-regulate-ai-crypto-elon-musk-steve-wozniak/feed/index.html]
[info.dextools.io/wp-json/wp/v2/posts/2297.json]
[info.dextools.io/cat/beginner/index.html]
[info.dextools.io/sec-lawsuit-binance-coinbase-kyc-brian-armstrong-gary-gensler/feed/index.html]
[info.dextools.io/wp-json/oembed/1.0/embede20c.json]
[info.dextools.io/uniswap-labs-uniswap-v4-defi-amm-hook-dao/feed/index.html]
[info.dextools.io/wp-json/oembed/1.0/embeda266]
[info.dextools.io/uniswap-labs-uniswap-v4-defi-amm-hook-dao/index.html]
[info.dextools.io/wp-json/oembed/1.0/embed67d1.json]
[info.dextools.io/wp-json/oembed/1.0/embed7ee3]
[info.dextools.io/faq/does-dextools-have-a-mobile-app/index.html]
[info.dextools.io/wp-json/oembed/1.0/embed93d2.json]
[info.dextools.io/wp-json/oembed/1.0/embed5d1d]
[info.dextools.io/faq/is-dextools-an-exchange/index.html]
[info.dextools.io/wp-json/oembed/1.0/embed8381.json]
[info.dextools.io/wp-json/oembed/1.0/embed0199]
[info.dextools.io/faq/what-is-dextools-academy/index.html]
[info.dextools.io/wp-json/oembed/1.0/embed02f6.json]
[info.dextools.io/wp-json/oembed/1.0/embed51f8]
[info.dextools.io/faq/how-can-i-trade-through-dextools/index.html]
[info.dextools.io/wp-json/oembed/1.0/embed5702.json]
[info.dextools.io/wp-json/oembed/1.0/embed2d87]
[info.dextools.io/faq/can-i-get-price-notifications/index.html]
[info.dextools.io/wp-json/oembed/1.0/embed5621.json]
[info.dextools.io/wp-json/oembed/1.0/embed74a5]
[info.dextools.io/faq/is-dextools-free/index.html]
[info.dextools.io/wp-json/oembed/1.0/embed8272.json]
[info.dextools.io/wp-json/oembed/1.0/embeddfc4]
[info.dextools.io/faq/how-to-vote-tokens-up-and-down-community-trust-score/index.html]
[info.dextools.io/wp-json/oembed/1.0/embed318e.json]
[info.dextools.io/wp-json/oembed/1.0/embed4908]
[info.dextools.io/faq/how-to-update-token-logo-and-socials/index.html]
[info.dextools.io/wp-json/wp/v2/pages/936.json]
[info.dextools.io/wp-json/oembed/1.0/embed2cff.json]
[info.dextools.io/wp-json/oembed/1.0/embedde18]
[info.dextools.io/faq/index.html]
[info.dextools.io/cdn-cgi/l/email-protection.html]
[info.dextools.io/wp-json/wp/v2/pages/1205.json]
[info.dextools.io/faq/how-can-i-list-my-token-on-dextools/index.html]
[info.dextools.io/wp-json/oembed/1.0/embed23c2.json]
[info.dextools.io/wp-json/oembed/1.0/embed05c2]
[info.dextools.io/legal-notice/index.html]
[info.dextools.io/wp-admin/admin-ajax.html]
[info.dextools.io/index2a95.html]
[info.dextools.io/know-more-about-sec-crypto-regulation-binance-coinbase/feed/index.html]
[info.dextools.io/wp-json/wp/v2/posts/2185.json]
[info.dextools.io/wp-json/oembed/1.0/embedf24a.json]
[info.dextools.io/wp-json/oembed/1.0/embedd649]
[info.dextools.io/content/uploads/2023/06/Chart-FK-Gary-300x177.jpg]
[info.dextools.io/content/uploads/2023/06/Robot_DeFi-way-1-300x300.jpg]
[info.dextools.io/know-more-about-sec-crypto-regulation-binance-coinbase/index.html]
[info.dextools.io/risks-and-benefits-of-crypto-airdrops/feed/index.html]
[info.dextools.io/wp-json/wp/v2/posts/2031.json]
[info.dextools.io/wp-json/oembed/1.0/embedcef5.json]
[info.dextools.io/wp-json/oembed/1.0/embed2eb2]
[info.dextools.io/content/uploads/2023/06/airdrop_-300x200.jpg]
[info.dextools.io/risks-and-benefits-of-crypto-airdrops/index.html]
[info.dextools.io/all-about-stablecoins-and-fdusd-the-new-stable-launched-on-ethereum-bnb-chain/feed/index.html]
[info.dextools.io/wp-json/wp/v2/posts/2017.json]
[info.dextools.io/wp-json/oembed/1.0/embed3117.json]
[info.dextools.io/wp-json/oembed/1.0/embed79e1]
[info.dextools.io/all-about-stablecoins-and-fdusd-the-new-stable-launched-on-ethereum-bnb-chain/index.html]
[info.dextools.io/wp-json/wp/v2/posts/1874.json]
[info.dextools.io/an-in-depth-look-at-bitcoins-brc-20-and-ordinals/feed/index.html]
[info.dextools.io/wp-json/oembed/1.0/embed029e.json]
[info.dextools.io/wp-json/oembed/1.0/embede162]
[info.dextools.io/content/uploads/2023/05/Unisat-wallet-300x152.jpg]
[info.dextools.io/content/uploads/2023/05/script-registered-in-a-satoshi-using-Ordinals-300x159.jpg]
[info.dextools.io/content/uploads/2023/05/Unisat-mint-300x142.jpg]
[info.dextools.io/an-in-depth-look-at-bitcoins-brc-20-and-ordinals/index.html]
[info.dextools.io/cat/advanced/index.html]
[info.dextools.io/wp-json/wp/v2/posts/1751.json]
[info.dextools.io/meme-season-the-hype-behind-pepe-token/feed/index.html]
[info.dextools.io/wp-json/oembed/1.0/embed9bc3.json]
[info.dextools.io/wp-json/oembed/1.0/embed1b71]
[info.dextools.io/content/uploads/2023/05/Pepe-chart_-300x200.jpg]
[info.dextools.io/content/uploads/2023/05/Binance-list_-300x119.jpg]
[info.dextools.io/meme-season-the-hype-behind-pepe-token/index.html]
[info.dextools.io/dextools-integrates-pulsechain-network/feed/index.html]
[info.dextools.io/wp-json/wp/v2/posts/1685.json]
[info.dextools.io/wp-json/oembed/1.0/embed8e56.json]
[info.dextools.io/wp-json/oembed/1.0/embede865]
[info.dextools.io/content/uploads/2023/05/PulseChain-300x200.jpg]
[info.dextools.io/dextools-integrates-pulsechain-network/index.html]
[info.dextools.io/wp-json/wp/v2/posts/1379.json]
[info.dextools.io/14-types-of-scams-and-how-to-avoid-them/feed/index.html]
[info.dextools.io/wp-json/oembed/1.0/embed288a.json]
[info.dextools.io/wp-json/oembed/1.0/embed1e46]
[info.dextools.io/content/uploads/2023/06/stablecoins--300x200.jpg]
[info.dextools.io/14-types-of-scams-and-how-to-avoid-them/index.html]
[info.dextools.io/wp-json/wp/v2/posts/820.json]
[info.dextools.io/dextools-top-10-chains-by-number-of-visits/feed/index.html]
[info.dextools.io/wp-json/oembed/1.0/embedd91b.json]
[info.dextools.io/wp-json/oembed/1.0/embedca92]
[info.dextools.io/content/uploads/2023/04/Top10Chains_-300x206.jpg]
[info.dextools.io/dextools-top-10-chains-by-number-of-visits/index.html]
[info.dextools.io/what-is-defi-dex-decentralized-finance-p2p/feed/index.html]
[info.dextools.io/wp-json/wp/v2/posts/660.json]
[info.dextools.io/wp-json/oembed/1.0/embed9655.json]
[info.dextools.io/wp-json/oembed/1.0/embeda65f]
[info.dextools.io/what-is-defi-dex-decentralized-finance-p2p/index.html]
[info.dextools.io/wp-json/wp/v2/posts/640.json]
[info.dextools.io/what-is-happening-in-crypto-bitcoin-ethereum-bear-market/feed/index.html]
[info.dextools.io/wp-json/oembed/1.0/embedc72d.json]
[info.dextools.io/wp-json/oembed/1.0/embed7acb]
[info.dextools.io/what-is-happening-in-crypto-bitcoin-ethereum-bear-market/index.html]
[info.dextools.io/wp-json/wp/v2/posts/634.json]
[info.dextools.io/what-is-dextools/feed/index.html]
[info.dextools.io/wp-json/oembed/1.0/embedb095.json]
[info.dextools.io/wp-json/oembed/1.0/embed7977]
[info.dextools.io/what-is-dextools/index.html]
[info.dextools.io/floki-partners-with-dextools-to-target-140-million-crypto-users/feed/index.html]
[info.dextools.io/wp-json/wp/v2/posts/590.json]
[info.dextools.io/wp-json/oembed/1.0/embed91b5.json]
[info.dextools.io/wp-json/oembed/1.0/embedc775]
[info.dextools.io/floki-partners-with-dextools-to-target-140-million-crypto-users/index.html]
[info.dextools.io/the-biggest-dext-token-burn-in-the-history-of-dextools-by-now/feed/index.html]
[info.dextools.io/wp-json/wp/v2/posts/578.json]
[info.dextools.io/cat/partners/index.html]
[info.dextools.io/wp-json/oembed/1.0/embed391f.json]
[info.dextools.io/wp-json/oembed/1.0/embed24a2]
[miro.medium.com/v2/resize_fit_1400/1_dAaNGzAV3xB4MteDs31iOA.png]
[miro.medium.com/v2/resize_fit_1400/1_hMqW0pGJPm0YocovMuUxDg.jpg]
[info.dextools.io/the-biggest-dext-token-burn-in-the-history-of-dextools-by-now/index.html]
[info.dextools.io/wp-json/wp/v2/posts/573.json]
[info.dextools.io/dextools-2022-recap/feed/index.html]
[info.dextools.io/wp-json/oembed/1.0/embedde8d.json]
[info.dextools.io/wp-json/oembed/1.0/embede97d]
[miro.medium.com/v2/resize_fit_256/1_5QNmtGb71urK5jW9RAa-RA.png]
[info.dextools.io/dextools-2022-recap/index.html]
[info.dextools.io/indexdf27.html]
[info.dextools.io/wp-json/oembed/1.0/embedfb3e.json]
[info.dextools.io/wp-json/oembed/1.0/embeda7e7]
[info.dextools.io/crypto-glossary/bitcoiner/index.html]
[info.dextools.io/wp-json/oembed/1.0/embedd550.json]
[info.dextools.io/wp-json/oembed/1.0/embed3d2d]
[info.dextools.io/crypto-glossary/block/index.html]
[info.dextools.io/wp-json/oembed/1.0/embeddc55.json]
[info.dextools.io/wp-json/oembed/1.0/embed0ef5]
[info.dextools.io/crypto-glossary/blockchain/index.html]
[info.dextools.io/wp-json/oembed/1.0/embed2718.json]
[info.dextools.io/wp-json/oembed/1.0/embeda878]
[info.dextools.io/crypto-glossary/bnb-chain/index.html]
[info.dextools.io/wp-json/oembed/1.0/embedace3.json]
[info.dextools.io/wp-json/oembed/1.0/embed914a]
[info.dextools.io/crypto-glossary/bridge/index.html]
[info.dextools.io/wp-json/oembed/1.0/embed3a40.json]
[info.dextools.io/wp-json/oembed/1.0/embed96f4]
[info.dextools.io/crypto-glossary/bull-market/index.html]
[info.dextools.io/wp-json/oembed/1.0/embede4a3.json]
[info.dextools.io/wp-json/oembed/1.0/embed95f8]
[info.dextools.io/crypto-glossary/cex/index.html]
[info.dextools.io/wp-json/oembed/1.0/embed8fa5.json]
[info.dextools.io/wp-json/oembed/1.0/embed6eb4]
[info.dextools.io/crypto-glossary/circulating-supply/index.html]
[info.dextools.io/wp-json/oembed/1.0/embed8607.json]
[info.dextools.io/wp-json/oembed/1.0/embed7a24]
[info.dextools.io/crypto-glossary/coin/index.html]
[info.dextools.io/wp-json/oembed/1.0/embed011a.json]
[info.dextools.io/wp-json/oembed/1.0/embeddd71]
[info.dextools.io/crypto-glossary/1049/index.html]
[info.dextools.io/wp-json/oembed/1.0/embedd46f.json]
[info.dextools.io/wp-json/oembed/1.0/embedfe0c]
[info.dextools.io/crypto-glossary/coingecko/index.html]
[info.dextools.io/wp-json/oembed/1.0/embedc9d9.json]
[info.dextools.io/wp-json/oembed/1.0/embed892d]
[info.dextools.io/crypto-glossary/coinmarketcap/index.html]
[info.dextools.io/wp-json/oembed/1.0/embed9d32.json]
[info.dextools.io/wp-json/oembed/1.0/embed6ec7]
[info.dextools.io/crypto-glossary/cold-storage/index.html]
[info.dextools.io/wp-json/oembed/1.0/embeddc58.json]
[info.dextools.io/wp-json/oembed/1.0/embed7a5e]
[info.dextools.io/crypto-glossary/cold-wallet/index.html]
[info.dextools.io/wp-json/oembed/1.0/embed903b.json]
[info.dextools.io/wp-json/oembed/1.0/embed4a26]
[info.dextools.io/crypto-glossary/crowdfunding/index.html]
[info.dextools.io/wp-json/oembed/1.0/embedfe97.json]
[info.dextools.io/crypto-glossary-category/initial-currency-offering-ico/index.html]
[info.dextools.io/crypto-glossary/cryptocurrency/index.html]
[info.dextools.io/wp-json/oembed/1.0/embedce1a]
[info.dextools.io/wp-json/oembed/1.0/embed5082.json]
[info.dextools.io/wp-json/oembed/1.0/embed934b]
[info.dextools.io/crypto-glossary/pair/index.html]
[info.dextools.io/wp-json/oembed/1.0/embedf98a.json]
[info.dextools.io/wp-json/oembed/1.0/embed09b2]
[info.dextools.io/crypto-glossary/cryptography/index.html]
[info.dextools.io/wp-json/oembed/1.0/embed5551.json]
[info.dextools.io/wp-json/oembed/1.0/embede04a]
[info.dextools.io/crypto-glossary/cryptopunk/index.html]
[info.dextools.io/crypto-glossary-category/smart-contracts/index.html]
[info.dextools.io/wp-json/oembed/1.0/embede388.json]
[info.dextools.io/wp-json/oembed/1.0/embedee4e]
[info.dextools.io/crypto-glossary/custody/index.html]
[info.dextools.io/wp-json/oembed/1.0/embed2d6f.json]
[info.dextools.io/wp-json/oembed/1.0/embed74bc]
[info.dextools.io/crypto-glossary/dark-web/index.html]
[info.dextools.io/wp-json/oembed/1.0/embedbffc.json]
[info.dextools.io/crypto-glossary-category/web-concepts/index.html]
[info.dextools.io/wp-json/oembed/1.0/embed7a47]
[info.dextools.io/crypto-glossary/dca/index.html]
[info.dextools.io/wp-json/oembed/1.0/embed7a54.json]
[info.dextools.io/wp-json/oembed/1.0/embed7722]
[info.dextools.io/crypto-glossary/decentralization-ideology/index.html]
[info.dextools.io/wp-json/oembed/1.0/embedfdc4.json]
[info.dextools.io/wp-json/oembed/1.0/embed9b93]
[info.dextools.io/crypto-glossary/decentralized-currency/index.html]
[info.dextools.io/wp-json/oembed/1.0/embed9269.json]
[info.dextools.io/wp-json/oembed/1.0/embed77e4]
[info.dextools.io/crypto-glossary/decentralized-storage/index.html]
[info.dextools.io/wp-json/oembed/1.0/embed9661.json]
[info.dextools.io/wp-json/oembed/1.0/embed95f1]
[info.dextools.io/crypto-glossary/deep-web/index.html]
[info.dextools.io/wp-json/oembed/1.0/embed861e.json]
[info.dextools.io/wp-json/oembed/1.0/embed2a3f]
[info.dextools.io/crypto-glossary/defi/index.html]
[info.dextools.io/wp-json/oembed/1.0/embed91e0.json]
[info.dextools.io/wp-json/oembed/1.0/embedf785]
[info.dextools.io/crypto-glossary/dex/index.html]
[info.dextools.io/wp-json/oembed/1.0/embed4f71.json]
[info.dextools.io/wp-json/oembed/1.0/embed039e]
[info.dextools.io/crypto-glossary/dextools/index.html]
[info.dextools.io/wp-json/oembed/1.0/embeda2b2.json]
[info.dextools.io/wp-json/oembed/1.0/embed3c16]
[info.dextools.io/crypto-glossary/dextscore/index.html]
[info.dextools.io/wp-json/oembed/1.0/embed3ba1.json]
[info.dextools.io/wp-json/oembed/1.0/embed1ea0]
[info.dextools.io/crypto-glossary/diamond-hands/index.html]
[info.dextools.io/wp-json/oembed/1.0/embedc7b8.json]
[info.dextools.io/wp-json/oembed/1.0/embed21ec]
[info.dextools.io/crypto-glossary/discord/index.html]
[info.dextools.io/wp-json/oembed/1.0/embedd318.json]
[info.dextools.io/wp-json/oembed/1.0/embedf217]
[info.dextools.io/crypto-glossary/dyor/index.html]
[info.dextools.io/wp-json/oembed/1.0/embedb6f4.json]
[info.dextools.io/wp-json/oembed/1.0/embed1292]
[info.dextools.io/crypto-glossary/ether-eth/index.html]
[info.dextools.io/wp-json/oembed/1.0/embed6aa7.json]
[info.dextools.io/wp-json/oembed/1.0/embed9b50]
[info.dextools.io/crypto-glossary/ethereum/index.html]
[info.dextools.io/wp-json/oembed/1.0/embedbea2.json]
[info.dextools.io/wp-json/oembed/1.0/embed9a8a]
[info.dextools.io/crypto-glossary/exchange/index.html]
[info.dextools.io/wp-json/oembed/1.0/embed1132.json]
[info.dextools.io/wp-json/oembed/1.0/embed3e82]
[info.dextools.io/crypto-glossary/fed/index.html]
[info.dextools.io/wp-json/oembed/1.0/embeda744.json]
[info.dextools.io/wp-json/oembed/1.0/embed6fb5]
[info.dextools.io/crypto-glossary/fiat/index.html]
[info.dextools.io/wp-json/oembed/1.0/embedcf0a.json]
[info.dextools.io/wp-json/oembed/1.0/embed4e01]
[info.dextools.io/crypto-glossary/fomo-2/index.html]
[info.dextools.io/wp-json/oembed/1.0/embed4189.json]
[info.dextools.io/wp-json/oembed/1.0/embed3ab1]
[info.dextools.io/crypto-glossary/fungible-token/index.html]
[info.dextools.io/wp-json/oembed/1.0/embed3667.json]
[info.dextools.io/wp-json/oembed/1.0/embede6a6]
[info.dextools.io/crypto-glossary/gem/index.html]
[info.dextools.io/wp-json/oembed/1.0/embed9cd6.json]
[info.dextools.io/wp-json/oembed/1.0/embed202d]
[info.dextools.io/crypto-glossary/hacking/index.html]
[info.dextools.io/wp-json/oembed/1.0/embedde3b.json]
[info.dextools.io/wp-json/oembed/1.0/embedb362]
[info.dextools.io/crypto-glossary/honeypot-scam-crypto-trap-smart-contract/index.html]
[info.dextools.io/wp-json/oembed/1.0/embed0a2e.json]
[info.dextools.io/wp-json/oembed/1.0/embedae28]
[info.dextools.io/crypto-glossary/ico/index.html]
[info.dextools.io/wp-json/oembed/1.0/embedb4dc.json]
[info.dextools.io/wp-json/oembed/1.0/embedd898]
[info.dextools.io/crypto-glossary/inflation/index.html]
[info.dextools.io/wp-json/oembed/1.0/embed5e38.json]
[info.dextools.io/wp-json/oembed/1.0/embed8f2e]
[info.dextools.io/crypto-glossary/inmutable-data/index.html]
[info.dextools.io/wp-json/oembed/1.0/embed3137.json]
[info.dextools.io/wp-json/oembed/1.0/embed19d4]
[info.dextools.io/crypto-glossary/institutional-investors/index.html]
[info.dextools.io/wp-json/oembed/1.0/embed2f5a.json]
[info.dextools.io/wp-json/oembed/1.0/embedb70c]
[info.dextools.io/crypto-glossary/iykyk/index.html]
[info.dextools.io/wp-json/oembed/1.0/embed50dd.json]
[info.dextools.io/wp-json/oembed/1.0/embed22e6]
[info.dextools.io/crypto-glossary/jager/index.html]
[info.dextools.io/wp-json/oembed/1.0/embedd4cc.json]
[info.dextools.io/wp-json/oembed/1.0/embed183f]
[info.dextools.io/crypto-glossary/kraken/index.html]
[info.dextools.io/wp-json/oembed/1.0/embeda755.json]
[info.dextools.io/wp-json/oembed/1.0/embeda3f4]
[info.dextools.io/crypto-glossary/kucoin/index.html]
[info.dextools.io/wp-json/oembed/1.0/embed9cd8.json]
[info.dextools.io/wp-json/oembed/1.0/embed8474]
[info.dextools.io/crypto-glossary/kyc/index.html]
[info.dextools.io/wp-json/oembed/1.0/embedca8f.json]
[info.dextools.io/wp-json/oembed/1.0/embedd963]
[info.dextools.io/crypto-glossary/liquidity/index.html]
[info.dextools.io/wp-json/oembed/1.0/embedd526.json]
[info.dextools.io/wp-json/oembed/1.0/embed83b6]
[info.dextools.io/crypto-glossary/listing/index.html]
[info.dextools.io/wp-json/oembed/1.0/embedee72.json]
[info.dextools.io/wp-json/oembed/1.0/embed4b13]
[info.dextools.io/crypto-glossary/meme-economy/index.html]
[info.dextools.io/wp-json/oembed/1.0/embedaca9.json]
[info.dextools.io/wp-json/oembed/1.0/embed69a8]
[info.dextools.io/crypto-glossary/memecoin/index.html]
[info.dextools.io/wp-json/oembed/1.0/embed2c33.json]
[info.dextools.io/wp-json/oembed/1.0/embed5e75]
[info.dextools.io/crypto-glossary/miners/index.html]
[info.dextools.io/wp-json/oembed/1.0/embedb796.json]
[info.dextools.io/wp-json/oembed/1.0/embed87ff]
[info.dextools.io/crypto-glossary/mining-difficulty/index.html]
[info.dextools.io/wp-json/oembed/1.0/embedcdc7.json]
[info.dextools.io/wp-json/oembed/1.0/embedd0b2]
[info.dextools.io/crypto-glossary/mining-farm/index.html]
[info.dextools.io/wp-json/oembed/1.0/embed1325.json]
[info.dextools.io/wp-json/oembed/1.0/embedfc1e]
[info.dextools.io/crypto-glossary/nft/index.html]
[info.dextools.io/wp-json/oembed/1.0/embedeb2a.json]
[info.dextools.io/wp-json/oembed/1.0/embed8265]
[info.dextools.io/crypto-glossary/opensea/index.html]
[info.dextools.io/wp-json/oembed/1.0/embeda1da.json]
[info.dextools.io/wp-json/oembed/1.0/embed483f]
[info.dextools.io/crypto-glossary/paper-hands/index.html]
[info.dextools.io/wp-json/oembed/1.0/embed2561.json]
[info.dextools.io/wp-json/oembed/1.0/embed267f]
[info.dextools.io/crypto-glossary/paper-wallet-2/index.html]
[info.dextools.io/wp-json/oembed/1.0/embed3840.json]
[info.dextools.io/wp-json/oembed/1.0/embedc29b]
[info.dextools.io/crypto-glossary/p2p-dex/index.html]
[info.dextools.io/wp-json/oembed/1.0/embed9cf6.json]
[info.dextools.io/wp-json/oembed/1.0/embedd8cd]
[info.dextools.io/crypto-glossary/play2earn-playtoearn/index.html]
[info.dextools.io/wp-json/oembed/1.0/embedfe65.json]
[info.dextools.io/wp-json/oembed/1.0/embedf751]
[info.dextools.io/crypto-glossary/portfolio/index.html]
[info.dextools.io/wp-json/oembed/1.0/embed8c36.json]
[info.dextools.io/wp-json/oembed/1.0/embedb412]
[info.dextools.io/crypto-glossary/private-key/index.html]
[info.dextools.io/wp-json/oembed/1.0/embede088.json]
[info.dextools.io/wp-json/oembed/1.0/embed70fd]
[info.dextools.io/crypto-glossary/public-address/index.html]
[info.dextools.io/wp-json/oembed/1.0/embed4b58.json]
[info.dextools.io/wp-json/oembed/1.0/embeda4dd]
[info.dextools.io/crypto-glossary/public-blockchain/index.html]
[info.dextools.io/wp-json/oembed/1.0/embed8d26.json]
[info.dextools.io/wp-json/oembed/1.0/embed36cf]
[info.dextools.io/crypto-glossary/public-key/index.html]
[info.dextools.io/wp-json/oembed/1.0/embed7094.json]
[info.dextools.io/wp-json/oembed/1.0/embed63c7]
[info.dextools.io/crypto-glossary/recovery-phrase/index.html]
[info.dextools.io/wp-json/oembed/1.0/embeddc98.json]
[info.dextools.io/wp-json/oembed/1.0/embed4d69]
[info.dextools.io/crypto-glossary/roadmap/index.html]
[info.dextools.io/wp-json/oembed/1.0/embed1d6d.json]
[info.dextools.io/wp-json/oembed/1.0/embed4e37]
[info.dextools.io/crypto-glossary/satoshi-nakamoto/index.html]
[info.dextools.io/wp-json/oembed/1.0/embedc59f.json]
[info.dextools.io/wp-json/oembed/1.0/embed0112]
[info.dextools.io/crypto-glossary/scalability/index.html]
[info.dextools.io/wp-json/oembed/1.0/embed997e.json]
[info.dextools.io/wp-json/oembed/1.0/embeda068]
[info.dextools.io/crypto-glossary/scam/index.html]
[info.dextools.io/wp-json/oembed/1.0/embed0006.json]
[info.dextools.io/wp-json/oembed/1.0/embed1eb3]
[info.dextools.io/crypto-glossary/scammer/index.html]
[info.dextools.io/wp-json/oembed/1.0/embed9f84.json]
[info.dextools.io/wp-json/oembed/1.0/embede3ba]
[info.dextools.io/crypto-glossary/what-is-sec-crypto-regulation/index.html]
[info.dextools.io/wp-json/oembed/1.0/embedc585.json]
[info.dextools.io/wp-json/oembed/1.0/embed39ff]
[info.dextools.io/crypto-glossary/seed-phrase/index.html]
[info.dextools.io/wp-json/oembed/1.0/embed9004.json]
[info.dextools.io/wp-json/oembed/1.0/embedcf82]
[info.dextools.io/crypto-glossary/proof-of-work-pow/index.html]
[info.dextools.io/wp-json/oembed/1.0/embedf205.json]
[info.dextools.io/wp-json/oembed/1.0/embed5af4]
[info.dextools.io/crypto-glossary/software-wallet/index.html]
[info.dextools.io/wp-json/oembed/1.0/embed1785.json]
[info.dextools.io/wp-json/oembed/1.0/embed339c]
[info.dextools.io/crypto-glossary/spyware/index.html]
[info.dextools.io/wp-json/oembed/1.0/embedf3ea.json]
[info.dextools.io/wp-json/oembed/1.0/embed84f8]
[info.dextools.io/crypto-glossary/stablecoin/index.html]
[info.dextools.io/wp-json/oembed/1.0/embeda721.json]
[info.dextools.io/wp-json/oembed/1.0/embed8348]
[info.dextools.io/crypto-glossary/supply-and-demand/index.html]
[info.dextools.io/wp-json/oembed/1.0/embed95da.json]
[info.dextools.io/wp-json/oembed/1.0/embed51ea]
[info.dextools.io/crypto-glossary/supply-chain/index.html]
[info.dextools.io/wp-json/oembed/1.0/embed983f.json]
[info.dextools.io/wp-json/oembed/1.0/embed9b91]
[info.dextools.io/crypto-glossary/swap/index.html]
[info.dextools.io/wp-json/oembed/1.0/embed3f77.json]
[info.dextools.io/wp-json/oembed/1.0/embed614d]
[info.dextools.io/crypto-glossary/testnet/index.html]
[info.dextools.io/wp-json/oembed/1.0/embedd3f1.json]
[info.dextools.io/wp-json/oembed/1.0/embed3444]
[info.dextools.io/crypto-glossary/tether/index.html]
[info.dextools.io/wp-json/oembed/1.0/embed56be.json]
[info.dextools.io/wp-json/oembed/1.0/embed26de]
[info.dextools.io/crypto-glossary/token/index.html]
[info.dextools.io/wp-json/oembed/1.0/embedcb61.json]
[info.dextools.io/wp-json/oembed/1.0/embedd91a]
[info.dextools.io/crypto-glossary/token-economy-crypto-trading/index.html]
[info.dextools.io/wp-json/oembed/1.0/embed1423.json]
[info.dextools.io/wp-json/oembed/1.0/embede76f]
[info.dextools.io/crypto-glossary/token-standard/index.html]
[info.dextools.io/wp-json/oembed/1.0/embed8fe2.json]
[info.dextools.io/wp-json/oembed/1.0/embed0aee]
[info.dextools.io/crypto-glossary/total-market-cap/index.html]
[info.dextools.io/wp-json/oembed/1.0/embede94c.json]
[info.dextools.io/wp-json/oembed/1.0/embedc193]
[info.dextools.io/crypto-glossary/trading-tournament/index.html]
[info.dextools.io/wp-json/oembed/1.0/embed1c6b.json]
[info.dextools.io/wp-json/oembed/1.0/embedda14]
[info.dextools.io/crypto-glossary/transaction-fee/index.html]
[info.dextools.io/wp-json/oembed/1.0/embed2407.json]
[info.dextools.io/wp-json/oembed/1.0/embed399a]
[info.dextools.io/crypto-glossary/transaction-tx/index.html]
[info.dextools.io/wp-json/oembed/1.0/embed0f87.json]
[info.dextools.io/wp-json/oembed/1.0/embed80b9]
[info.dextools.io/crypto-glossary/trust-wallet/index.html]
[info.dextools.io/wp-json/oembed/1.0/embed947a.json]
[info.dextools.io/wp-json/oembed/1.0/embedb957]
[info.dextools.io/crypto-glossary/utc-time/index.html]
[info.dextools.io/wp-json/oembed/1.0/embedd3fc.json]
[info.dextools.io/wp-json/oembed/1.0/embedee99]
[info.dextools.io/crypto-glossary/validator-2/index.html]
[info.dextools.io/wp-json/oembed/1.0/embedd2c5.json]
[info.dextools.io/wp-json/oembed/1.0/embedfa26]
[info.dextools.io/crypto-glossary/vitalik-buterin/index.html]
[info.dextools.io/wp-json/oembed/1.0/embed69c7.json]
[info.dextools.io/wp-json/oembed/1.0/embed2bfb]
[info.dextools.io/crypto-glossary/volatility/index.html]
[info.dextools.io/wp-json/oembed/1.0/embede927.json]
[info.dextools.io/wp-json/oembed/1.0/embede247]
[info.dextools.io/crypto-glossary/wallet/index.html]
[info.dextools.io/wp-json/oembed/1.0/embedf0af.json]
[info.dextools.io/wp-json/oembed/1.0/embeddde5]
[info.dextools.io/crypto-glossary/validator/index.html]
[info.dextools.io/wp-json/oembed/1.0/embed5123.json]
[info.dextools.io/wp-json/oembed/1.0/embede240]
[info.dextools.io/crypto-glossary/when-lambo-2/index.html]
[info.dextools.io/wp-json/oembed/1.0/embed4042.json]
[info.dextools.io/wp-json/oembed/1.0/embed7929]
[info.dextools.io/crypto-glossary/when-moon/index.html]
[info.dextools.io/wp-json/oembed/1.0/embedb72a.json]
[info.dextools.io/wp-json/oembed/1.0/embed3f5e]
[info.dextools.io/crypto-glossary/whitepaper/index.html]
[info.dextools.io/wp-json/oembed/1.0/embedfab9.json]
[info.dextools.io/wp-json/oembed/1.0/embed9262]
[info.dextools.io/crypto-glossary/block-explorer/index.html]
[info.dextools.io/wp-json/oembed/1.0/embed1bb7.json]
[info.dextools.io/wp-json/oembed/1.0/embed8ef8]
[info.dextools.io/crypto-glossary/blockchain-3-0/index.html]
[info.dextools.io/wp-json/oembed/1.0/embed5391.json]
[info.dextools.io/wp-json/oembed/1.0/embed6289]
[info.dextools.io/crypto-glossary/bnb/index.html]
[info.dextools.io/wp-json/oembed/1.0/embedc00f.json]
[info.dextools.io/wp-json/oembed/1.0/embed08c6]
[info.dextools.io/crypto-glossary/brave-browser/index.html]
[info.dextools.io/wp-json/oembed/1.0/embedb40c.json]
[info.dextools.io/wp-json/oembed/1.0/embed39af]
[info.dextools.io/crypto-glossary/buy-the-dip/index.html]
[info.dextools.io/wp-json/oembed/1.0/embedf013.json]
[info.dextools.io/wp-json/oembed/1.0/embed6e15]
[info.dextools.io/crypto-glossary/candlestick/index.html]
[info.dextools.io/wp-json/oembed/1.0/embed420b.json]
[info.dextools.io/wp-json/oembed/1.0/embed3a3b]
[info.dextools.io/crypto-glossary/cbdcs/index.html]
[info.dextools.io/wp-json/oembed/1.0/embedbbb5.json]
[info.dextools.io/wp-json/oembed/1.0/embed9da7]
[info.dextools.io/crypto-glossary/cliff/index.html]
[info.dextools.io/wp-json/oembed/1.0/embed47fc.json]
[info.dextools.io/wp-json/oembed/1.0/embedf3ac]
[info.dextools.io/crypto-glossary/consensus-mechanism/index.html]
[info.dextools.io/wp-json/oembed/1.0/embedc301.json]
[info.dextools.io/wp-json/oembed/1.0/embedfe94]
[info.dextools.io/crypto-glossary/crowdloan/index.html]
[info.dextools.io/wp-json/oembed/1.0/embedf0ed.json]
[info.dextools.io/wp-json/oembed/1.0/embed8e16]
[info.dextools.io/crypto-glossary/crypto-burning/index.html]
[info.dextools.io/wp-json/oembed/1.0/embedb093.json]
[info.dextools.io/wp-json/oembed/1.0/embed0a9b]
[info.dextools.io/crypto-glossary/cryto-loan/index.html]
[info.dextools.io/wp-json/oembed/1.0/embed6ad1.json]
[info.dextools.io/wp-json/oembed/1.0/embed6b29]
[info.dextools.io/crypto-glossary/dao/index.html]
[info.dextools.io/wp-json/oembed/1.0/embed5e1e.json]
[info.dextools.io/crypto-glossary-category/decentralized-autonomous-organization-dao/index.html]
[info.dextools.io/crypto-glossary/dapp/index.html]
[info.dextools.io/wp-json/oembed/1.0/embedac62]
[info.dextools.io/wp-json/oembed/1.0/embed01de.json]
[info.dextools.io/wp-json/oembed/1.0/embed5f0f]
[info.dextools.io/crypto-glossary/day-trading/index.html]
[info.dextools.io/wp-json/oembed/1.0/embed3472.json]
[info.dextools.io/wp-json/oembed/1.0/embed7442]
[info.dextools.io/crypto-glossary/dominance/index.html]
[info.dextools.io/wp-json/oembed/1.0/embed0cee.json]
[info.dextools.io/crypto-glossary/double-spending/index.html]
[info.dextools.io/wp-json/oembed/1.0/embeddf21]
[info.dextools.io/wp-json/oembed/1.0/embed64cc.json]
[info.dextools.io/wp-json/oembed/1.0/embed6452]
[info.dextools.io/crypto-glossary/dumping/index.html]
[info.dextools.io/wp-json/oembed/1.0/embedda79.json]
[info.dextools.io/wp-json/oembed/1.0/embed810d]
[info.dextools.io/crypto-glossary/equity/index.html]
[info.dextools.io/wp-json/oembed/1.0/embed924e.json]
[info.dextools.io/crypto-glossary/erc-20/index.html]
[info.dextools.io/wp-json/oembed/1.0/embedcee7]
[info.dextools.io/wp-json/oembed/1.0/embede125.json]
[info.dextools.io/wp-json/oembed/1.0/embed452e]
[info.dextools.io/crypto-glossary/ethereum-virtual-machine/index.html]
[info.dextools.io/wp-json/oembed/1.0/embed3b7a.json]
[info.dextools.io/wp-json/oembed/1.0/embedf087]
[info.dextools.io/crypto-glossary/fan-token/index.html]
[info.dextools.io/wp-json/oembed/1.0/embede15f.json]
[info.dextools.io/wp-json/oembed/1.0/embed63be]
[info.dextools.io/crypto-glossary/fork/index.html]
[info.dextools.io/wp-json/oembed/1.0/embedf197.json]
[info.dextools.io/crypto-glossary/full-node/index.html]
[info.dextools.io/wp-json/oembed/1.0/embede93f]
[info.dextools.io/wp-json/oembed/1.0/embed4fd9.json]
[info.dextools.io/wp-json/oembed/1.0/embedbbfe]
[info.dextools.io/crypto-glossary/fomo/index.html]
[info.dextools.io/wp-json/oembed/1.0/embed5be6.json]
[info.dextools.io/wp-json/oembed/1.0/embed9a68]
[info.dextools.io/crypto-glossary/gamefi/index.html]
[info.dextools.io/wp-json/oembed/1.0/embed3d0b.json]
[info.dextools.io/crypto-glossary/gas/index.html]
[info.dextools.io/wp-json/oembed/1.0/embedb10e]
[info.dextools.io/wp-json/oembed/1.0/embed22ad.json]
[info.dextools.io/wp-json/oembed/1.0/embed06c7]
[info.dextools.io/crypto-glossary/gas-fee/index.html]
[info.dextools.io/wp-json/oembed/1.0/embedb485.json]
[info.dextools.io/wp-json/oembed/1.0/embed4074]
[info.dextools.io/crypto-glossary/gas-limit/index.html]
[info.dextools.io/wp-json/oembed/1.0/embed1b0f.json]
[info.dextools.io/crypto-glossary/gas-station-network-gsn/index.html]
[info.dextools.io/wp-json/oembed/1.0/embedc54c]
[info.dextools.io/wp-json/oembed/1.0/embed33c6.json]
[info.dextools.io/wp-json/oembed/1.0/embeda1ea]
[info.dextools.io/crypto-glossary/genesis-block/index.html]
[info.dextools.io/wp-json/oembed/1.0/embed1269.json]
[info.dextools.io/wp-json/oembed/1.0/embedfa94]
[info.dextools.io/crypto-glossary/governance/index.html]
[info.dextools.io/wp-json/oembed/1.0/embed8f99.json]
[info.dextools.io/wp-json/oembed/1.0/embeda3ab]
[info.dextools.io/crypto-glossary/gwei/index.html]
[info.dextools.io/wp-json/oembed/1.0/embede9e4.json]
[info.dextools.io/wp-json/oembed/1.0/embed7e19]
[info.dextools.io/crypto-glossary/150/index.html]
[info.dextools.io/wp-json/oembed/1.0/embed1241.json]
[info.dextools.io/wp-json/oembed/1.0/embed5df8]
[info.dextools.io/crypto-glossary/hard-cap/index.html]
[info.dextools.io/wp-json/oembed/1.0/embede09a.json]
[info.dextools.io/wp-json/oembed/1.0/embed3e68]
[info.dextools.io/crypto-glossary/hardware-wallet/index.html]
[info.dextools.io/wp-json/oembed/1.0/embedab59.json]
[info.dextools.io/wp-json/oembed/1.0/embed4f91]
[info.dextools.io/crypto-glossary/hash/index.html]
[info.dextools.io/wp-json/oembed/1.0/embed6803.json]
[info.dextools.io/wp-json/oembed/1.0/embed50b3]
[info.dextools.io/crypto-glossary/hash-function/index.html]
[info.dextools.io/wp-json/oembed/1.0/embed7e7c.json]
[info.dextools.io/wp-json/oembed/1.0/embedb887]
[info.dextools.io/crypto-glossary/hash-rate/index.html]
[info.dextools.io/wp-json/oembed/1.0/embed8a4a.json]
[info.dextools.io/wp-json/oembed/1.0/embedac28]
[info.dextools.io/crypto-glossary/hodl/index.html]
[info.dextools.io/wp-json/oembed/1.0/embed3f88.json]
[info.dextools.io/wp-json/oembed/1.0/embed6138]
[info.dextools.io/crypto-glossary/hot-storage/index.html]
[info.dextools.io/wp-json/oembed/1.0/embed8817.json]
[info.dextools.io/wp-json/oembed/1.0/embedc44c]
[info.dextools.io/crypto-glossary/hyperinflation/index.html]
[info.dextools.io/wp-json/oembed/1.0/embed3591.json]
[info.dextools.io/wp-json/oembed/1.0/embed7ddc]
[info.dextools.io/crypto-glossary/ido/index.html]
[info.dextools.io/wp-json/oembed/1.0/embed4932.json]
[info.dextools.io/crypto-glossary-category/initial-dex-offering/index.html]
[info.dextools.io/crypto-glossary/initial-exchange-offering-ieo/index.html]
[info.dextools.io/wp-json/oembed/1.0/embedcdf1]
[info.dextools.io/wp-json/oembed/1.0/embede684.json]
[info.dextools.io/wp-json/oembed/1.0/embed548e]
[info.dextools.io/crypto-glossary/initial-game-offering-igo/index.html]
[info.dextools.io/wp-json/oembed/1.0/embed9d44.json]
[info.dextools.io/wp-json/oembed/1.0/embed6b2c]
[info.dextools.io/crypto-glossary/initial-public-offering/index.html]
[info.dextools.io/wp-json/oembed/1.0/embed9490.json]
[info.dextools.io/wp-json/oembed/1.0/embed8d78]
[info.dextools.io/crypto-glossary/initial-token-offering-ito/index.html]
[info.dextools.io/wp-json/oembed/1.0/embed283e.json]
[info.dextools.io/wp-json/oembed/1.0/embedfee0]
[info.dextools.io/crypto-glossary/interplanetary-file-system-ipfs/index.html]
[info.dextools.io/wp-json/oembed/1.0/embedff74.json]
[info.dextools.io/wp-json/oembed/1.0/embede045]
[info.dextools.io/crypto-glossary/joy/index.html]
[info.dextools.io/wp-json/oembed/1.0/embedd844.json]
[info.dextools.io/wp-json/oembed/1.0/embede0c2]
[info.dextools.io/crypto-glossary/large-cap/index.html]
[info.dextools.io/wp-json/oembed/1.0/embed25ba.json]
[info.dextools.io/wp-json/oembed/1.0/embeda0c8]
[info.dextools.io/crypto-glossary/ledger/index.html]
[info.dextools.io/wp-json/oembed/1.0/embed0fca.json]
[info.dextools.io/wp-json/oembed/1.0/embed6a7a]
[info.dextools.io/crypto-glossary/lightning-network/index.html]
[info.dextools.io/wp-json/oembed/1.0/embedc328.json]
[info.dextools.io/wp-json/oembed/1.0/embed8d58]
[info.dextools.io/crypto-glossary/limit-buy/index.html]
[info.dextools.io/wp-json/oembed/1.0/embed440c.json]
[info.dextools.io/wp-json/oembed/1.0/embede29e]
[info.dextools.io/crypto-glossary/limit-order/index.html]
[info.dextools.io/wp-json/oembed/1.0/embed66ee.json]
[info.dextools.io/wp-json/oembed/1.0/embedf7ae]
[info.dextools.io/crypto-glossary/limit-sale/index.html]
[info.dextools.io/wp-json/oembed/1.0/embed5954.json]
[info.dextools.io/crypto-glossary/liquid-market/index.html]
[info.dextools.io/wp-json/oembed/1.0/embed5527]
[info.dextools.io/wp-json/oembed/1.0/embed3ac0.json]
[info.dextools.io/wp-json/oembed/1.0/embedb59c]
[info.dextools.io/crypto-glossary/liquidity-pool/index.html]
[info.dextools.io/wp-json/oembed/1.0/embed6e37.json]
[info.dextools.io/wp-json/oembed/1.0/embed5d0d]
[info.dextools.io/crypto-glossary/liquidity-provider-2/index.html]
[info.dextools.io/wp-json/oembed/1.0/embed4163.json]
[info.dextools.io/crypto-glossary/long-position/index.html]
[info.dextools.io/wp-json/oembed/1.0/embeddf39]
[info.dextools.io/wp-json/oembed/1.0/embedb5cf.json]
[info.dextools.io/wp-json/oembed/1.0/embed0799]
[info.dextools.io/crypto-glossary/lower-low/index.html]
[info.dextools.io/wp-json/oembed/1.0/embed6e10.json]
[info.dextools.io/wp-json/oembed/1.0/embedfc25]
[info.dextools.io/crypto-glossary/mainnet/index.html]
[info.dextools.io/wp-json/oembed/1.0/embed2903.json]
[info.dextools.io/crypto-glossary/maker-protocol/index.html]
[info.dextools.io/wp-json/oembed/1.0/embedf105]
[info.dextools.io/wp-json/oembed/1.0/embed517b.json]
[info.dextools.io/wp-json/oembed/1.0/embedf86f]
[info.dextools.io/crypto-glossary/market-cap/index.html]
[info.dextools.io/wp-json/oembed/1.0/embedd4c7.json]
[info.dextools.io/wp-json/oembed/1.0/embedb4c2]
[info.dextools.io/crypto-glossary/market-order/index.html]
[info.dextools.io/wp-json/oembed/1.0/embed244b.json]
[info.dextools.io/crypto-glossary/market-sell/index.html]
[info.dextools.io/wp-json/oembed/1.0/embedce13]
[info.dextools.io/wp-json/oembed/1.0/embede399.json]
[info.dextools.io/wp-json/oembed/1.0/embed5cb1]
[info.dextools.io/crypto-glossary/max-supply/index.html]
[info.dextools.io/wp-json/oembed/1.0/embedc1f3.json]
[info.dextools.io/wp-json/oembed/1.0/embed6265]
[info.dextools.io/crypto-glossary/merkel-tree/index.html]
[info.dextools.io/wp-json/oembed/1.0/embed65d7.json]
[info.dextools.io/wp-json/oembed/1.0/embedf561]
[info.dextools.io/crypto-glossary/metamask/index.html]
[info.dextools.io/wp-json/oembed/1.0/embed60b1.json]
[info.dextools.io/wp-json/oembed/1.0/embed8b8d]
[info.dextools.io/crypto-glossary/mining-pool/index.html]
[info.dextools.io/wp-json/oembed/1.0/embeded1c.json]
[info.dextools.io/wp-json/oembed/1.0/embed945c]
[info.dextools.io/crypto-glossary/mt-gox/index.html]
[info.dextools.io/wp-json/oembed/1.0/embed985f.json]
[info.dextools.io/wp-json/oembed/1.0/embed5741]
[info.dextools.io/crypto-glossary/options-market/index.html]
[info.dextools.io/wp-json/oembed/1.0/embed342c.json]
[info.dextools.io/wp-json/oembed/1.0/embedb19f]
[info.dextools.io/crypto-glossary/order-book/index.html]
[info.dextools.io/wp-json/oembed/1.0/embedce03.json]
[info.dextools.io/wp-json/oembed/1.0/embedfbde]
[info.dextools.io/crypto-glossary/overbought/index.html]
[info.dextools.io/wp-json/oembed/1.0/embede7f4.json]
[info.dextools.io/wp-json/oembed/1.0/embed57f3]
[info.dextools.io/crypto-glossary/oversold/index.html]
[info.dextools.io/wp-json/oembed/1.0/embed048a.json]
[info.dextools.io/wp-json/oembed/1.0/embed87fd]
[info.dextools.io/crypto-glossary/pegged-currency/index.html]
[info.dextools.io/wp-json/oembed/1.0/embedc242.json]
[info.dextools.io/wp-json/oembed/1.0/embed9f26]
[info.dextools.io/crypto-glossary/phishing/index.html]
[info.dextools.io/wp-json/oembed/1.0/embedc294.json]
[info.dextools.io/wp-json/oembed/1.0/embeddf60]
[info.dextools.io/crypto-glossary/pre-ido/index.html]
[info.dextools.io/wp-json/oembed/1.0/embedeef1.json]
[info.dextools.io/wp-json/oembed/1.0/embedabd3]
[info.dextools.io/crypto-glossary/prediction-market/index.html]
[info.dextools.io/wp-json/oembed/1.0/embedb5af.json]
[info.dextools.io/wp-json/oembed/1.0/embedc7df]
[info.dextools.io/crypto-glossary/presale/index.html]
[info.dextools.io/wp-json/oembed/1.0/embed4dcb.json]
[info.dextools.io/wp-json/oembed/1.0/embed4be4]
[info.dextools.io/crypto-glossary/private-sale/index.html]
[info.dextools.io/wp-json/oembed/1.0/embed4a51.json]
[info.dextools.io/wp-json/oembed/1.0/embedc147]
[info.dextools.io/crypto-glossary/profit-and-loss/index.html]
[info.dextools.io/wp-json/oembed/1.0/embed98b8.json]
[info.dextools.io/wp-json/oembed/1.0/embed1e96]
[info.dextools.io/crypto-glossary/proof-of-authority-poa/index.html]
[info.dextools.io/wp-json/oembed/1.0/embedea41.json]
[info.dextools.io/wp-json/oembed/1.0/embed516c]
[info.dextools.io/crypto-glossary/proof-of-reserves/index.html]
[info.dextools.io/wp-json/oembed/1.0/embed2ae6.json]
[info.dextools.io/wp-json/oembed/1.0/embed6d24]
[info.dextools.io/crypto-glossary/proof-of-stake/index.html]
[info.dextools.io/wp-json/oembed/1.0/embed24e0.json]
[info.dextools.io/wp-json/oembed/1.0/embede75c]
[info.dextools.io/crypto-glossary/proof-of-validation-pov/index.html]
[info.dextools.io/wp-json/oembed/1.0/embede353.json]
[info.dextools.io/wp-json/oembed/1.0/embedcb5c]
[info.dextools.io/crypto-glossary/proof-of-work-pow-2/index.html]
[info.dextools.io/wp-json/oembed/1.0/embed1ab2.json]
[info.dextools.io/wp-json/oembed/1.0/embede974]
[info.dextools.io/crypto-glossary/public-sale/index.html]
[info.dextools.io/wp-json/oembed/1.0/embed2e96.json]
[info.dextools.io/wp-json/oembed/1.0/embeddb5a]
[info.dextools.io/crypto-glossary/pump-and-dump/index.html]
[info.dextools.io/wp-json/oembed/1.0/embedc17d.json]
[info.dextools.io/wp-json/oembed/1.0/embedc874]
[info.dextools.io/crypto-glossary/quantum-computing/index.html]
[info.dextools.io/wp-json/oembed/1.0/embed80b4.json]
[info.dextools.io/wp-json/oembed/1.0/embedb1e5]
[info.dextools.io/crypto-glossary/rekt/index.html]
[info.dextools.io/wp-json/oembed/1.0/embed128a.json]
[info.dextools.io/wp-json/oembed/1.0/embed92fa]
[info.dextools.io/crypto-glossary/rug-pull/index.html]
[info.dextools.io/wp-json/oembed/1.0/embed2180.json]
[info.dextools.io/wp-json/oembed/1.0/embed6686]
[info.dextools.io/crypto-glossary/satoshi-sat/index.html]
[info.dextools.io/wp-json/oembed/1.0/embedc344.json]
[info.dextools.io/wp-json/oembed/1.0/embed6229]
[info.dextools.io/crypto-glossary/security-token/index.html]
[info.dextools.io/wp-json/oembed/1.0/embed7090.json]
[info.dextools.io/wp-json/oembed/1.0/embed3d48]
[info.dextools.io/crypto-glossary/sharding/index.html]
[info.dextools.io/wp-json/oembed/1.0/embed54a6.json]
[info.dextools.io/wp-json/oembed/1.0/embed52cb]
[info.dextools.io/crypto-glossary/side-channel/index.html]
[info.dextools.io/wp-json/oembed/1.0/embed1618.json]
[info.dextools.io/wp-json/oembed/1.0/embed06d7]
[info.dextools.io/crypto-glossary/slippage-2/index.html]
[info.dextools.io/wp-json/oembed/1.0/embedcfb5.json]
[info.dextools.io/wp-json/oembed/1.0/embed297f]
[info.dextools.io/crypto-glossary/smart-contract/index.html]
[info.dextools.io/wp-json/oembed/1.0/embed5245.json]
[info.dextools.io/wp-json/oembed/1.0/embed4a5d]
[info.dextools.io/crypto-glossary/smart-contract-audit/index.html]
[info.dextools.io/wp-json/oembed/1.0/embed40e1.json]
[info.dextools.io/wp-json/oembed/1.0/embeded8c]
[info.dextools.io/crypto-glossary/solana/index.html]
[info.dextools.io/wp-json/oembed/1.0/embedcd58.json]
[info.dextools.io/wp-json/oembed/1.0/embed13b6]
[info.dextools.io/crypto-glossary/staking-2/index.html]
[info.dextools.io/wp-json/oembed/1.0/embede13a.json]
[info.dextools.io/wp-json/oembed/1.0/embedcc9f]
[info.dextools.io/crypto-glossary/taproot/index.html]
[info.dextools.io/wp-json/oembed/1.0/embed2633.json]
[info.dextools.io/wp-json/oembed/1.0/embedd674]
[info.dextools.io/crypto-glossary/technical-analysis/index.html]
[info.dextools.io/wp-json/oembed/1.0/embedf16b.json]
[info.dextools.io/wp-json/oembed/1.0/embed0a9a]
[info.dextools.io/crypto-glossary/token-minting/index.html]
[info.dextools.io/wp-json/oembed/1.0/embed7548.json]
[info.dextools.io/crypto-glossary/tokenization/index.html]
[info.dextools.io/wp-json/oembed/1.0/embedd9de]
[info.dextools.io/wp-json/oembed/1.0/embedbd17.json]
[info.dextools.io/wp-json/oembed/1.0/embed4589]
[info.dextools.io/crypto-glossary/tokenomics/index.html]
[info.dextools.io/wp-json/oembed/1.0/embed068c.json]
[info.dextools.io/wp-json/oembed/1.0/embed545f]
[info.dextools.io/crypto-glossary/total-exchange-volume/index.html]
[info.dextools.io/wp-json/oembed/1.0/embeda328.json]
[info.dextools.io/wp-json/oembed/1.0/embedc58f]
[info.dextools.io/crypto-glossary/total-suply/index.html]
[info.dextools.io/wp-json/oembed/1.0/embedc777.json]
[info.dextools.io/wp-json/oembed/1.0/embed2015]
[info.dextools.io/crypto-glossary/trading-bot/index.html]
[info.dextools.io/wp-json/oembed/1.0/embedc38d.json]
[info.dextools.io/wp-json/oembed/1.0/embedd014]
[info.dextools.io/crypto-glossary/trading-view/index.html]
[info.dextools.io/wp-json/oembed/1.0/embedc54f.json]
[info.dextools.io/crypto-glossary/trading-volume/index.html]
[info.dextools.io/wp-json/oembed/1.0/embed88f3]
[info.dextools.io/wp-json/oembed/1.0/embed73a7.json]
[info.dextools.io/wp-json/oembed/1.0/embed6949]
[info.dextools.io/crypto-glossary/trojan/index.html]
[info.dextools.io/wp-json/oembed/1.0/embed96a6.json]
[info.dextools.io/wp-json/oembed/1.0/embed7d5a]
[info.dextools.io/crypto-glossary/tradingview/index.html]
[info.dextools.io/wp-json/oembed/1.0/embed94ad.json]
[info.dextools.io/crypto-glossary/utility-token/index.html]
[info.dextools.io/wp-json/oembed/1.0/embed347c]
[info.dextools.io/wp-json/oembed/1.0/embed0a2f.json]
[info.dextools.io/wp-json/oembed/1.0/embedb189]
[info.dextools.io/crypto-glossary/vesting/index.html]
[info.dextools.io/wp-json/oembed/1.0/embed2028.json]
[info.dextools.io/wp-json/oembed/1.0/embed6c1c]
[info.dextools.io/crypto-glossary/weak-hands/index.html]
[info.dextools.io/wp-json/oembed/1.0/embed7872.json]
[info.dextools.io/crypto-glossary/whale/index.html]
[info.dextools.io/wp-json/oembed/1.0/embed90a7]
[info.dextools.io/wp-json/oembed/1.0/embed40c7.json]
[info.dextools.io/wp-json/oembed/1.0/embedae14]
[info.dextools.io/crypto-glossary/whitelist/index.html]
[info.dextools.io/wp-json/oembed/1.0/embed30ff.json]
[info.dextools.io/wp-json/oembed/1.0/embed396e]
[info.dextools.io/crypto-glossary/yield-farming/index.html]
[info.dextools.io/wp-json/oembed/1.0/embed6599.json]
[info.dextools.io/wp-json/oembed/1.0/embed6c25]
[info.dextools.io/crypto-glossary/brc-20/index.html]
[info.dextools.io/wp-json/oembed/1.0/embedf4de.json]
[info.dextools.io/wp-json/oembed/1.0/embed1baf]
[info.dextools.io/crypto-glossary/erc-115/index.html]
[info.dextools.io/wp-json/oembed/1.0/embed112f.json]
[info.dextools.io/wp-json/oembed/1.0/embedf450]
[info.dextools.io/crypto-glossary/erc-721/index.html]
[info.dextools.io/wp-json/oembed/1.0/embed29fd.json]
[info.dextools.io/crypto-glossary/erc-827/index.html]
[info.dextools.io/wp-json/oembed/1.0/embed3e0e]
[info.dextools.io/wp-json/oembed/1.0/embed76ab.json]
[info.dextools.io/wp-json/oembed/1.0/embed440b]
[info.dextools.io/crypto-glossary/erc-948/index.html]
[info.dextools.io/wp-json/oembed/1.0/embedf864.json]
[info.dextools.io/wp-json/oembed/1.0/embed0d24]
[info.dextools.io/crypto-glossary/ethereum-improvement-proposals-eips/index.html]
[info.dextools.io/wp-json/oembed/1.0/embed194b.json]
[info.dextools.io/wp-json/oembed/1.0/embedeab1]
[info.dextools.io/crypto-glossary/hidden-cap/index.html]
[info.dextools.io/wp-json/oembed/1.0/embed10f0.json]
[info.dextools.io/wp-json/oembed/1.0/embed5587]
[info.dextools.io/crypto-glossary/higher-low/index.html]
[info.dextools.io/wp-json/oembed/1.0/embed1d92.json]
[info.dextools.io/wp-json/oembed/1.0/embed4cd8]
[info.dextools.io/crypto-glossary/margin-call/index.html]
[info.dextools.io/wp-json/oembed/1.0/embedc176.json]
[info.dextools.io/wp-json/oembed/1.0/embedccb8]
[info.dextools.io/crypto-glossary/mempool/index.html]
[info.dextools.io/wp-json/oembed/1.0/embede4b2.json]
[info.dextools.io/wp-json/oembed/1.0/embede2bd]
[info.dextools.io/crypto-glossary/ordinals/index.html]
[info.dextools.io/wp-json/oembed/1.0/embed6814.json]
[info.dextools.io/wp-json/oembed/1.0/embedaa05]
[info.dextools.io/crypto-glossary/201/index.html]
[info.dextools.io/wp-json/oembed/1.0/embed34cb.json]
[info.dextools.io/wp-json/oembed/1.0/embed1830]
[info.dextools.io/crypto-glossary/solidity/index.html]
[info.dextools.io/wp-json/oembed/1.0/embed0dde.json]
[info.dextools.io/wp-json/oembed/1.0/embed1cfb]
[info.dextools.io/crypto-glossary/x11-algorithm/index.html]
[info.dextools.io/wp-json/oembed/1.0/embed9e2e.json]
[info.dextools.io/wp-json/oembed/1.0/embede064]
[info.dextools.io/crypto-glossary/when-lambo/index.html]
[info.dextools.io/index460d.html]
[info.dextools.io/crypto-glossary-category/advanced/index.html]
[info.dextools.io/crypto-glossary-category/basic/index.html]
[info.dextools.io/crypto-glossary-category/basic/feed/index.html]
[info.dextools.io/crypto-glossary-category/blockchain-concepts/index.html]
[info.dextools.io/crypto-glossary-category/basic/page/2/index.html]
[info.dextools.io/crypto-glossary-category/advanced/page/2/index.html]
[info.dextools.io/crypto-glossary-category/cybersecurity/index.html]
[info.dextools.io/crypto-glossary/governance-tokens/index.html]
[info.dextools.io/indexe887.html]
[info.dextools.io/crypto-glossary-category/blockchain-concepts/page/2/index.html]
[info.dextools.io/crypto-glossary/hot-wallet/index.html]
[info.dextools.io/crypto-glossary-category/crypto-investing/index.html]
[info.dextools.io/crypto-glossary/private-blockchain/index.html]
[info.dextools.io/crypto-glossary/collateral-tokens/index.html]
[info.dextools.io/crypto-glossary-category/crypto-slang/index.html]
[info.dextools.io/crypto-glossary-category/crypto-investing/page/2/index.html]
[info.dextools.io/crypto-glossary-category/crypto-investing/feed/index.html]
[info.dextools.io/crypto-glossary-category/cryptocurrencies/index.html]
[info.dextools.io/crypto-glossary/degen/index.html]
[info.dextools.io/crypto-glossary/short-position/index.html]
[info.dextools.io/index88b9.html]
[info.dextools.io/crypto-glossary/soft-cap/index.html]
[info.dextools.io/crypto-glossary/tokenized-stocks/index.html]
[info.dextools.io/indexc9bc.html]
[info.dextools.io/crypto-glossary-category/advanced/feed/index.html]
[info.dextools.io/crypto-glossary-category/cryptocurrencies/page/2/index.html]
[info.dextools.io/indexb4b8.html]
[info.dextools.io/crypto-glossary-category/blockchain-concepts/feed/index.html]
[info.dextools.io/indexcaae.html]
[info.dextools.io/crypto-glossary-category/crypto-trading/index.html]
[info.dextools.io/crypto-glossary-category/cryptocurrencies/feed/index.html]
[info.dextools.io/crypto-glossary-category/decentralized-finance-defi/index.html]
[info.dextools.io/crypto-glossary-category/crypto-trading/feed/index.html]
[info.dextools.io/crypto-glossary-category/crypto-trading/page/2/index.html]
[info.dextools.io/crypto-glossary-category/exchanges/index.html]
[info.dextools.io/crypto-glossary-category/cybersecurity/feed/index.html]
[info.dextools.io/crypto-glossary-category/decentralized-finance-defi/feed/index.html]
[info.dextools.io/indexc544.html]
[info.dextools.io/crypto-glossary-category/cryptography/index.html]
[info.dextools.io/crypto-glossary-category/decentralized-finance-defi/page/2/index.html]
[info.dextools.io/crypto-glossary-category/expert/index.html]
[info.dextools.io/crypto-glossary-category/exchanges/feed/index.html]
[info.dextools.io/crypto-glossary-category/cryptography/feed/index.html]
[info.dextools.io/crypto-glossary-category/mining/index.html]
[info.dextools.io/index970c.html]
[info.dextools.io/index5f87.html]
[info.dextools.io/index01a6.html]
[info.dextools.io/index728e.html]
[info.dextools.io/crypto-glossary-category/blockchain-projects/index.html]
[info.dextools.io/crypto-glossary-category/expert/feed/index.html]
[info.dextools.io/crypto-glossary-category/non-fungible-tokens-nfts/index.html]
[info.dextools.io/crypto-glossary-category/mining/feed/index.html]
[info.dextools.io/crypto-glossary-category/blockchain-projects/feed/index.html]
[info.dextools.io/indexbcfa.html]
[info.dextools.io/indexbbbb.html]
[info.dextools.io/index8820.html]
[info.dextools.io/index3c55.html]
[info.dextools.io/indexcc08.html]
[info.dextools.io/index2b52.html]
[info.dextools.io/crypto-glossary-category/centralized-finance-cefi/index.html]
[info.dextools.io/index9cd7.html]
[info.dextools.io/indexb8c4.html]
[info.dextools.io/index8e1b.html]
[info.dextools.io/index9178.html]
[info.dextools.io/crypto-glossary-category/non-fungible-tokens-nfts/feed/index.html]
[info.dextools.io/crypto-glossary-category/crypto-slang/feed/index.html]
[info.dextools.io/crypto-glossary-category/centralized-finance-cefi/feed/index.html]
[info.dextools.io/cat/general/index.html]
[info.dextools.io/index556b.html]
[info.dextools.io/wp-json/wp/v2/categories/1.json]
[info.dextools.io/cat/general/feed/index.html]
[info.dextools.io/es/cat/sin-categorizar/index.html]
[info.dextools.io/cat/news/index.html]
[info.dextools.io/indexfb5e.html]
[info.dextools.io/wp-json/wp/v2/categories/38.json]
[info.dextools.io/cat/beginner/index.html]
[info.dextools.io/indexcbcb.html]
[info.dextools.io/indexc13a.html]
[info.dextools.io/index0370.html]
[info.dextools.io/indexf763.html]
[info.dextools.io/indexe90e.html]
[info.dextools.io/index5024.html]
[info.dextools.io/index7033.html]
[info.dextools.io/indexb022.html]
[info.dextools.io/index2c3d.html]
[info.dextools.io/index3350.html]
[info.dextools.io/index8e01.html]
[info.dextools.io/indexb648.html]
[info.dextools.io/wp-json/wp/v2/categories/37.json]
[info.dextools.io/wp-json/oembed/1.0/embed7b5c.json]
[info.dextools.io/cat/news/feed/index.html]
[info.dextools.io/cat/beginner/feed/index.html]
[info.dextools.io/faq/how-can-i-list-my-token-on-dextools/index.html]
[info.dextools.io/indexdf16.html]
[info.dextools.io/indexd1a6.html]
[info.dextools.io/crypto-glossary/sec/index.html]
[info.dextools.io/crypto-glossary/aml/index.html]
[info.dextools.io/index1914.html]
[info.dextools.io/indexc27c.html]
[info.dextools.io/index1d67.html]
[info.dextools.io/wp-json/oembed/1.0/embed9a60]
[info.dextools.io/cat/advanced/index.html]
[info.dextools.io/indexf549.html]
[info.dextools.io/index7d98.html]
[info.dextools.io/index876b.html]
[info.dextools.io/indexccf0.html]
[info.dextools.io/what-is-defi/index.html]
[info.dextools.io/index63ba.html]
[info.dextools.io/index55df.html]
[info.dextools.io/index5cd0.html]
[info.dextools.io/indexa42a.html]
[info.dextools.io/cat/advanced/feed/index.html]
[info.dextools.io/wp-json/wp/v2/categories/41.json]
[info.dextools.io/cat/partners/index.html]
[info.dextools.io/indexa722.html]
[info.dextools.io/indexa1e2.html]
[info.dextools.io/index1b7d.html]
[info.dextools.io/index5643.html]
[info.dextools.io/index5070.html]
[info.dextools.io/indexf652.html]
[info.dextools.io/index6c46.html]
[info.dextools.io/indexc7e3.html]
[info.dextools.io/index913e.html]
[info.dextools.io/index1e7e.html]
[info.dextools.io/index1c00.html]
[info.dextools.io/indexf4ae.html]
[info.dextools.io/index1303.html]
[info.dextools.io/index0c42.html]
[info.dextools.io/index5c90.html]
[info.dextools.io/index8b4e.html]
[info.dextools.io/indexd52d.html]
[info.dextools.io/crypto-glossary-category/initial-currency-offering-ico/index.html]
[info.dextools.io/index0d0b.html]
[info.dextools.io/indexdc0d.html]
[info.dextools.io/index9c49.html]
[info.dextools.io/crypto-glossary-category/smart-contracts/index.html]
[info.dextools.io/cat/partners/feed/index.html]
[info.dextools.io/indexbcc1.html]
[info.dextools.io/index46de.html]
[info.dextools.io/index9469.html]
[info.dextools.io/crypto-glossary-category/web-concepts/index.html]
[info.dextools.io/wp-json/wp/v2/categories/39.json]
[info.dextools.io/index55d9.html]
[info.dextools.io/indexa7b7.html]
[info.dextools.io/index0971.html]
[info.dextools.io/index9dca.html]
[info.dextools.io/index1a26.html]
[info.dextools.io/indexb93f.html]
[info.dextools.io/indexba52.html]
[info.dextools.io/index3ba0.html]
[info.dextools.io/index8f9f.html]
[info.dextools.io/indexe7ac.html]
[info.dextools.io/indexb4d2.html]
[info.dextools.io/indexd832.html]
[info.dextools.io/index4170.html]
[info.dextools.io/index00bf.html]
[info.dextools.io/index5e74.html]
[info.dextools.io/index8285.html]
[info.dextools.io/index7ea6.html]
[info.dextools.io/indexbe3b.html]
[info.dextools.io/index12e9.html]
[info.dextools.io/indexa36b.html]
[info.dextools.io/indexd17a.html]
[info.dextools.io/indexee49.html]
[info.dextools.io/indexe9b4.html]
[info.dextools.io/indexd7d8.html]
[info.dextools.io/indexaa07.html]
[info.dextools.io/index1098.html]
[info.dextools.io/indexb88e.html]
[info.dextools.io/index0cf1.html]
[info.dextools.io/indexd589.html]
[info.dextools.io/indexc921.html]
[info.dextools.io/index0721.html]
[info.dextools.io/indexb950.html]
[info.dextools.io/indexd1a7.html]
[info.dextools.io/indexdea9.html]
[info.dextools.io/index7ef4.html]
[info.dextools.io/index3f3a.html]
[info.dextools.io/index6d7f.html]
[info.dextools.io/index28c5.html]
[info.dextools.io/indexae74.html]
[info.dextools.io/index78d6.html]
[info.dextools.io/index2167.html]
[info.dextools.io/index0133.html]
[info.dextools.io/index5051.html]
[info.dextools.io/index6452.html]
[info.dextools.io/index1639.html]
[info.dextools.io/index6ffe.html]
[info.dextools.io/indexeb91.html]
[info.dextools.io/indexdcf4.html]
[info.dextools.io/indexa8b8.html]
[info.dextools.io/index019f.html]
[info.dextools.io/indexe4c6.html]
[info.dextools.io/index905c.html]
[info.dextools.io/index7310.html]
[info.dextools.io/index88a0.html]
[info.dextools.io/indexf3dd.html]
[info.dextools.io/indexde4f.html]
[info.dextools.io/index8cf0.html]
[info.dextools.io/index8ed7.html]
[info.dextools.io/index1a93.html]
[info.dextools.io/indexc094.html]
[info.dextools.io/indexeffd.html]
[info.dextools.io/index5034.html]
[info.dextools.io/index361a.html]
[info.dextools.io/index50f6.html]
[info.dextools.io/indexced5.html]
[info.dextools.io/index46ab.html]
[info.dextools.io/index8e15.html]
[info.dextools.io/index091e.html]
[info.dextools.io/indexb280.html]
[info.dextools.io/index7270.html]
[info.dextools.io/index9610.html]
[info.dextools.io/indexa943.html]
[info.dextools.io/indexd027.html]
[info.dextools.io/indexf0fa.html]
[info.dextools.io/indexd89d.html]
[info.dextools.io/index5ed0.html]
[info.dextools.io/index8c34.html]
[info.dextools.io/index6233.html]
[info.dextools.io/index0c93.html]
[info.dextools.io/indexb6ad.html]
[info.dextools.io/index03bd.html]
[info.dextools.io/index9fa1.html]
[info.dextools.io/index548d.html]
[info.dextools.io/index16bc.html]
[info.dextools.io/index27cd.html]
[info.dextools.io/index1c4a.html]
[info.dextools.io/index9a9b.html]
[info.dextools.io/index9751.html]
[info.dextools.io/indexdd23.html]
[info.dextools.io/indexc648.html]
[info.dextools.io/indexc535.html]
[info.dextools.io/index5ff4.html]
[info.dextools.io/indexfded.html]
[info.dextools.io/index4ab3.html]
[info.dextools.io/index4126.html]
[info.dextools.io/index60d6.html]
[info.dextools.io/crypto-glossary-category/decentralized-autonomous-organization-dao/index.html]
[info.dextools.io/crypto-glossary-category/initial-currency-offering-ico/feed/index.html]
[info.dextools.io/crypto-glossary-category/web-concepts/feed/index.html]
[info.dextools.io/index4837.html]
[info.dextools.io/index5195.html]
[info.dextools.io/indexcbb6.html]
[info.dextools.io/indexa215.html]
[info.dextools.io/index248a.html]
[info.dextools.io/indexfbd5.html]
[info.dextools.io/index269b.html]
[info.dextools.io/indexee5b.html]
[info.dextools.io/indexdc22.html]
[info.dextools.io/index94b0.html]
[info.dextools.io/index3861.html]
[info.dextools.io/index421d.html]
[info.dextools.io/index0012.html]
[info.dextools.io/index2fa7.html]
[info.dextools.io/index2842.html]
[info.dextools.io/index6aed.html]
[info.dextools.io/index2cc4.html]
[info.dextools.io/index8cf7.html]
[info.dextools.io/index8bc8.html]
[info.dextools.io/index5fb3.html]
[info.dextools.io/index56d6.html]
[info.dextools.io/indexcc0f.html]
[info.dextools.io/indexe539.html]
[info.dextools.io/index8054.html]
[info.dextools.io/index03b0.html]
[info.dextools.io/index3f11.html]
[info.dextools.io/index2dc8.html]
[info.dextools.io/index15f1.html]
[info.dextools.io/index9787.html]
[info.dextools.io/index87e6.html]
[info.dextools.io/crypto-glossary-category/initial-dex-offering/index.html]
[info.dextools.io/index5f81.html]
[info.dextools.io/index6f5e.html]
[info.dextools.io/index195c.html]
[info.dextools.io/index40a0.html]
[info.dextools.io/indexaf4f.html]
[info.dextools.io/index43b2.html]
[info.dextools.io/indexcb44.html]
[info.dextools.io/index094d.html]
[info.dextools.io/index17d3.html]
[info.dextools.io/index8af0.html]
[info.dextools.io/index5c36.html]
[info.dextools.io/index2cce.html]
[info.dextools.io/index952b.html]
[info.dextools.io/index8cd4.html]
[info.dextools.io/indexcbbb.html]
[info.dextools.io/index9c2b.html]
[info.dextools.io/index64f7.html]
[info.dextools.io/index7665.html]
[info.dextools.io/indexdccb.html]
[info.dextools.io/index4f61.html]
[info.dextools.io/index64d2.html]
[info.dextools.io/index96f1.html]
[info.dextools.io/indexa80c.html]
[info.dextools.io/indexe2dc.html]
[info.dextools.io/index5a6a.html]
[info.dextools.io/index6cf3.html]
[info.dextools.io/indexc8fa.html]
[info.dextools.io/index1e78.html]
[info.dextools.io/index8cae.html]
[info.dextools.io/index85b3.html]
[info.dextools.io/index49a5.html]
[info.dextools.io/index6b08.html]
[info.dextools.io/index3dc6.html]
[info.dextools.io/index443b.html]
[info.dextools.io/indexa1f1.html]
[info.dextools.io/indexcfe0.html]
[info.dextools.io/indexc39e.html]
[info.dextools.io/indexc140.html]
[info.dextools.io/index997d.html]
[info.dextools.io/index5d38.html]
[info.dextools.io/index1e11.html]
[info.dextools.io/index2f60.html]
[info.dextools.io/index03e1.html]
[info.dextools.io/index0eba.html]
[info.dextools.io/indexfbc5.html]
[info.dextools.io/index4e6a.html]
[info.dextools.io/index0114.html]
[info.dextools.io/index4978.html]
[info.dextools.io/indexe1a1.html]
[info.dextools.io/indexa233.html]
[info.dextools.io/index4faf.html]
[info.dextools.io/indexdb2f.html]
[info.dextools.io/indexd4e2.html]
[info.dextools.io/indexcf9a.html]
[info.dextools.io/index4b3f.html]
[info.dextools.io/index03c9.html]
[info.dextools.io/indexc807.html]
[info.dextools.io/index9210.html]
[info.dextools.io/index13c2.html]
[info.dextools.io/indexc065.html]
[info.dextools.io/crypto-glossary/smart-contract-2/index.html]
[info.dextools.io/index156c.html]
[info.dextools.io/index65d2.html]
[info.dextools.io/index21a5.html]
[info.dextools.io/index5eda.html]
[info.dextools.io/indexd5db.html]
[info.dextools.io/indexd6e1.html]
[info.dextools.io/indexb4c1.html]
[info.dextools.io/indexc902.html]
[info.dextools.io/index6f72.html]
[info.dextools.io/indexfa80.html]
[info.dextools.io/index4f61-2.html]
[info.dextools.io/index6eea.html]
[info.dextools.io/index4580.html]
[info.dextools.io/index9873.html]
[info.dextools.io/index85b0.html]
[info.dextools.io/index99de.html]
[info.dextools.io/indexc9d1.html]
[info.dextools.io/index46ad.html]
[info.dextools.io/index4e57.html]
[info.dextools.io/index04f2.html]
[info.dextools.io/index475a.html]
[info.dextools.io/indexdd92.html]
[info.dextools.io/index0865.html]
[info.dextools.io/index9e8b.html]
[info.dextools.io/indexbbbf.html]
[info.dextools.io/index9c7a.html]
[info.dextools.io/index5721.html]
[info.dextools.io/index4659.html]
[info.dextools.io/index80c9.html]
[info.dextools.io/index3f5a.html]
[info.dextools.io/crypto-glossary-category/advanced/page/2/index.html]
[info.dextools.io/crypto-glossary-category/decentralized-autonomous-organization-dao/feed/index.html]
[info.dextools.io/crypto-glossary-category/basic/page/2/index.html]
[info.dextools.io/crypto-glossary-category/basic/page/3/index.html]
[info.dextools.io/crypto-glossary-category/advanced/page/3/index.html]
[info.dextools.io/crypto-glossary-category/blockchain-concepts/page/2/index.html]
[info.dextools.io/crypto-glossary-category/smart-contracts/feed/index.html]
[info.dextools.io/crypto-glossary-category/initial-dex-offering/feed/index.html]
[info.dextools.io/wp-json/oembed/1.0/embedd723.json]
[info.dextools.io/crypto-glossary/governance-tokens/index.html]
[info.dextools.io/wp-json/oembed/1.0/embedbafb]
[info.dextools.io/wp-json/oembed/1.0/embed240f.json]
[info.dextools.io/wp-json/oembed/1.0/embed9621]
[info.dextools.io/crypto-glossary/hot-wallet/index.html]
[info.dextools.io/wp-json/oembed/1.0/embed9ef6.json]
[info.dextools.io/wp-json/oembed/1.0/embed1ec8]
[info.dextools.io/crypto-glossary/private-blockchain/index.html]
[info.dextools.io/wp-json/oembed/1.0/embedf24c.json]
[info.dextools.io/wp-json/oembed/1.0/embed76c7]
[info.dextools.io/crypto-glossary/collateral-tokens/index.html]
[info.dextools.io/crypto-glossary-category/crypto-investing/page/2/index.html]
[info.dextools.io/wp-json/oembed/1.0/embed117c.json]
[info.dextools.io/wp-json/oembed/1.0/embed3cd8]
[info.dextools.io/crypto-glossary/degen/index.html]
[info.dextools.io/crypto-glossary-category/crypto-investing/page/3/index.html]
[info.dextools.io/wp-json/oembed/1.0/embedb80c.json]
[info.dextools.io/crypto-glossary/short-position/index.html]
[info.dextools.io/wp-json/oembed/1.0/embedc7f4]
[info.dextools.io/wp-json/oembed/1.0/embed662a.json]
[info.dextools.io/crypto-glossary/soft-cap/index.html]
[info.dextools.io/wp-json/oembed/1.0/embedb8bf]
[info.dextools.io/wp-json/oembed/1.0/embed3512.json]
[info.dextools.io/wp-json/oembed/1.0/embed9017]
[info.dextools.io/crypto-glossary/tokenized-stocks/index.html]
[info.dextools.io/crypto-glossary-category/cryptocurrencies/page/2/index.html]
[info.dextools.io/crypto-glossary-category/crypto-trading/page/2/index.html]
[info.dextools.io/crypto-glossary-category/decentralized-finance-defi/page/2/index.html]
[info.dextools.io/es/cat/sin-categorizar/feed/index.html]
[info.dextools.io/es/wp-json/wp/v2/categories/25.json]
[info.dextools.io/crypto-glossary-category/cryptocurrencies/page/3/index.html]
[info.dextools.io/crypto-glossary-category/crypto-trading/page/3/index.html]
[info.dextools.io/es/wp-json/index.html]
[info.dextools.io/es/cat/sin-categorizar/index.html]
[info.dextools.io/index17d5.html]
[info.dextools.io/crypto-glossary-category/advanced/page/3/index.html]
[info.dextools.io/crypto-glossary-category/basic/page/3/index.html]
[info.dextools.io/indexd250.html]
[info.dextools.io/index1611.html]
[info.dextools.io/indexcb89.html]
[info.dextools.io/index7398.html]
[info.dextools.io/crypto-glossary-category/crypto-investing/page/3/index.html]
[info.dextools.io/indexe423.html]
[info.dextools.io/indexba1b.html]
[info.dextools.io/indexd7c9.html]
[info.dextools.io/index7024.html]
[info.dextools.io/crypto-glossary-category/cryptocurrencies/page/3/index.html]
[info.dextools.io/crypto-glossary-category/crypto-trading/page/3/index.html]
[info.dextools.io/es/index.html]
[info.dextools.io/crypto-glossary-category/cryptocurrencies/page/4/index.html]
[info.dextools.io/crypto-glossary-category/cryptocurrencies/page/4/index.html]
[info.dextools.io/crypto-glossary-category/crypto-trading/page/4/index.html]
[info.dextools.io/crypto-glossary-category/crypto-trading/page/4/index.html]
