[www.onlinebase.io/index.html]
[www.onlinebase.io/assets/img/favicon.png]
[backblue.gif]
[fade.gif]
[index.html]
[www.onlinebase.io/assets/css/plugins/bootstrap.min.css]
[www.onlinebase.io/assets/css/plugins/slick.css]
[www.onlinebase.io/assets/css/plugins/animate.css]
[www.onlinebase.io/assets/css/style.css]
[www.onlinebase.io/assets/img/logo_mini.png]
[www.onlinebase.io/index-2.html]
[www.onlinebase.io/assets/img/logo.png]
[www.onlinebase.io/assets/img/logo_white.png]
[www.onlinebase.io/Onlinebase_Whitepaper.pdf]
[www.onlinebase.io/assets/img/playstore.png]
[www.onlinebase.io/assets/img/copy.png]
[www.onlinebase.io/assets/img/Whitepaper_btn.png]
[www.onlinebase.io/assets/img/hero_img.png]
[www.onlinebase.io/assets/img/About_img.png]
[www.onlinebase.io/assets/img/bglogo.png]
[www.onlinebase.io/assets/img/borderA.png]
[www.onlinebase.io/assets/img/AssetA.png]
[www.onlinebase.io/assets/img/AssetB.png]
[www.onlinebase.io/assets/img/AssetC.png]
[www.onlinebase.io/assets/img/bgball.png]
[www.onlinebase.io/assets/img/Product_img.png]
[www.onlinebase.io/assets/img/bgVision.png]
[www.onlinebase.io/assets/img/Asset_x1.png]
[www.onlinebase.io/assets/img/Asset_01.png]
[www.onlinebase.io/assets/img/Asset_x2.png]
[www.onlinebase.io/assets/img/Asset_02.png]
[www.onlinebase.io/assets/img/Asset_x3.png]
[www.onlinebase.io/assets/img/Asset_03.png]
[www.onlinebase.io/assets/img/Asset_x4.png]
[www.onlinebase.io/assets/img/Asset_04.png]
[www.onlinebase.io/assets/img/tokenomic.png]
[www.onlinebase.io/assets/img/phaseLine.png]
[www.onlinebase.io/assets/img/RoadA.png]
[www.onlinebase.io/assets/img/RoadPoint.png]
[www.onlinebase.io/assets/img/RoadB.png]
[www.onlinebase.io/assets/img/RoadC.png]
[www.onlinebase.io/assets/img/RoadD.png]
[www.onlinebase.io/assets/img/phaseBox.png]
[www.onlinebase.io/assets/img/pinksale.png]
[www.onlinebase.io/assets/img/dexview.png]
[www.onlinebase.io/assets/img/Coinmarketcap.png]
[www.onlinebase.io/assets/img/Antony.png]
[www.onlinebase.io/assets/img/Rivaldo.png]
[www.onlinebase.io/assets/img/Ernitha.png]
[www.onlinebase.io/assets/img/metamask.svg]
[www.onlinebase.io/assets/img/trustwallet.svg]
[www.onlinebase.io/assets/img/yt.png]
[www.onlinebase.io/assets/img/md.png]
[www.onlinebase.io/assets/img/tw.png]
[www.onlinebase.io/assets/img/tg.png]
[www.onlinebase.io/assets/img/dc.png]
[www.onlinebase.io/assets/js/plugins/jquery.slick.min.js]
[www.onlinebase.io/assets/js/plugins/jquery-3.6.0.min.js]
[www.onlinebase.io/assets/js/plugins/jquery.counter.min.js]
[www.onlinebase.io/assets/js/plugins/wow.min.js]
[www.onlinebase.io/assets/js/main.js]
[www.onlinebase.io/index.html]
[www.onlinebase.io/assets/css/plugins/bootstrap.min.css]
[www.onlinebase.io/assets/css/plugins/slick.css]
[www.onlinebase.io/assets/css/plugins/animate.css]
[www.onlinebase.io/user.html]
[www.onlinebase.io/assets/img/drag.png]
[www.onlinebase.io/assets/css/style.css]
[www.onlinebase.io/index-2.html]
[www.onlinebase.io/assets/img/metamask.svg]
[www.onlinebase.io/assets/img/trustwallet.svg]
[www.onlinebase.io/assets/img/wonline.png]
[cdn.ethers.io/lib/ethers-5.2.umd.min.js]
[www.onlinebase.io/user.html]
[www.onlinebase.io/index.js]
